Archive member included to satisfy reference by file (symbol)

e:/intelfpga_lite/19.1/nios2eds/bin/gnu/h-x86_64-mingw32/bin/../lib/gcc/nios2-elf/8.3.1/mno-hw-mul\libgcc.a(lib2-divmod.o)
                              obj/default/clock_alarm.o (__divsi3)
e:/ClockAlarm/software/hello_world_bsp/\libhal_bsp.a(alt_iic.o)
                              obj/default/clock_alarm.o (alt_ic_isr_register)
e:/ClockAlarm/software/hello_world_bsp/\libhal_bsp.a(alt_iic_isr_register.o)
                              e:/ClockAlarm/software/hello_world_bsp/\libhal_bsp.a(alt_iic.o) (alt_iic_isr_register)
e:/ClockAlarm/software/hello_world_bsp/\libhal_bsp.a(alt_irq_entry.o)
                              e:/ClockAlarm/software/hello_world_bsp/\libhal_bsp.a(alt_iic_isr_register.o) (alt_irq_entry)
e:/ClockAlarm/software/hello_world_bsp/\libhal_bsp.a(alt_irq_handler.o)
                              e:/ClockAlarm/software/hello_world_bsp/\libhal_bsp.a(alt_iic_isr_register.o) (alt_irq_handler)
e:/ClockAlarm/software/hello_world_bsp/\libhal_bsp.a(alt_irq_vars.o)
                              e:/ClockAlarm/software/hello_world_bsp/\libhal_bsp.a(alt_iic.o) (alt_irq_active)
e:/ClockAlarm/software/hello_world_bsp/\libhal_bsp.a(alt_load.o)
                              e:/ClockAlarm/software/hello_world_bsp//obj/HAL/src/crt0.o (alt_load)
e:/ClockAlarm/software/hello_world_bsp/\libhal_bsp.a(alt_main.o)
                              e:/ClockAlarm/software/hello_world_bsp//obj/HAL/src/crt0.o (alt_main)
e:/ClockAlarm/software/hello_world_bsp/\libhal_bsp.a(alt_putstr.o)
                              obj/default/clock_alarm.o (alt_putstr)
e:/ClockAlarm/software/hello_world_bsp/\libhal_bsp.a(alt_sys_init.o)
                              e:/ClockAlarm/software/hello_world_bsp/\libhal_bsp.a(alt_main.o) (alt_irq_init)
e:/ClockAlarm/software/hello_world_bsp/\libhal_bsp.a(altera_avalon_jtag_uart_write.o)
                              e:/ClockAlarm/software/hello_world_bsp/\libhal_bsp.a(alt_putstr.o) (altera_avalon_jtag_uart_write)
e:/ClockAlarm/software/hello_world_bsp/\libhal_bsp.a(altera_avalon_timer_vars.o)
                              e:/ClockAlarm/software/hello_world_bsp/\libhal_bsp.a(alt_sys_init.o) (altera_avalon_timer_ts_freq)
e:/ClockAlarm/software/hello_world_bsp/\libhal_bsp.a(alt_dcache_flush_all.o)
                              e:/ClockAlarm/software/hello_world_bsp/\libhal_bsp.a(alt_load.o) (alt_dcache_flush_all)
e:/ClockAlarm/software/hello_world_bsp/\libhal_bsp.a(alt_exception_entry.o)
                              e:/ClockAlarm/software/hello_world_bsp/\libhal_bsp.a(alt_irq_entry.o) (alt_exception)
e:/ClockAlarm/software/hello_world_bsp/\libhal_bsp.a(alt_icache_flush_all.o)
                              e:/ClockAlarm/software/hello_world_bsp/\libhal_bsp.a(alt_load.o) (alt_icache_flush_all)
e:/ClockAlarm/software/hello_world_bsp/\libhal_bsp.a(alt_instruction_exception_entry.o)
                              e:/ClockAlarm/software/hello_world_bsp/\libhal_bsp.a(alt_exception_entry.o) (alt_instruction_exception_entry)
e:/ClockAlarm/software/hello_world_bsp/\libhal_bsp.a(altera_nios2_gen2_irq.o)
                              e:/ClockAlarm/software/hello_world_bsp/\libhal_bsp.a(alt_sys_init.o) (altera_nios2_gen2_irq_init)
e:/intelfpga_lite/19.1/nios2eds/bin/gnu/h-x86_64-mingw32/bin/../lib/gcc/nios2-elf/8.3.1/../../../../../H-x86_64-mingw32/nios2-elf/lib/mno-hw-mul\libsmallc.a(lib_a-strlen.o)
                              e:/ClockAlarm/software/hello_world_bsp/\libhal_bsp.a(alt_putstr.o) (strlen)

Allocating common symbols
Common symbol       size              file

alt_irq             0x100             e:/ClockAlarm/software/hello_world_bsp/\libhal_bsp.a(alt_irq_handler.o)

Memory Configuration

Name             Origin             Length             Attributes
reset            0x0000000000000000 0x0000000000000020
RAM              0x0000000000000020 0x0000000000000fe0
*default*        0x0000000000000000 0xffffffffffffffff

Linker script and memory map

LOAD e:/ClockAlarm/software/hello_world_bsp//obj/HAL/src/crt0.o
LOAD obj/default/clock_alarm.o
LOAD e:/intelfpga_lite/19.1/nios2eds/bin/gnu/h-x86_64-mingw32/bin/../lib/gcc/nios2-elf/8.3.1/../../../../../H-x86_64-mingw32/nios2-elf/lib/mno-hw-mul\libstdc++.a
LOAD e:/intelfpga_lite/19.1/nios2eds/bin/gnu/h-x86_64-mingw32/bin/../lib/gcc/nios2-elf/8.3.1/../../../../../H-x86_64-mingw32/nios2-elf/lib/mno-hw-mul\libm.a
LOAD e:/intelfpga_lite/19.1/nios2eds/bin/gnu/h-x86_64-mingw32/bin/../lib/gcc/nios2-elf/8.3.1/mno-hw-mul\libgcc.a
START GROUP
LOAD e:/intelfpga_lite/19.1/nios2eds/bin/gnu/h-x86_64-mingw32/bin/../lib/gcc/nios2-elf/8.3.1/../../../../../H-x86_64-mingw32/nios2-elf/lib/mno-hw-mul\libsmallc.a
LOAD e:/intelfpga_lite/19.1/nios2eds/bin/gnu/h-x86_64-mingw32/bin/../lib/gcc/nios2-elf/8.3.1/mno-hw-mul\libgcc.a
LOAD e:/ClockAlarm/software/hello_world_bsp/\libhal_bsp.a
LOAD e:/intelfpga_lite/19.1/nios2eds/bin/gnu/h-x86_64-mingw32/bin/../lib/gcc/nios2-elf/8.3.1/../../../../../H-x86_64-mingw32/nios2-elf/lib/mno-hw-mul\libm.a
END GROUP
LOAD e:/intelfpga_lite/19.1/nios2eds/bin/gnu/h-x86_64-mingw32/bin/../lib/gcc/nios2-elf/8.3.1/mno-hw-mul\libgcc.a
                0x0000000000000000                __alt_mem_RAM = 0x0

.entry          0x0000000000000000       0x20
 *(.entry)
 .entry         0x0000000000000000       0x20 e:/ClockAlarm/software/hello_world_bsp//obj/HAL/src/crt0.o
                0x0000000000000000                __reset
                0x000000000000000c                _exit

.exceptions     0x0000000000000020      0x160
                0x0000000000000020                PROVIDE (__ram_exceptions_start = ABSOLUTE (.))
                0x0000000000000020                . = ALIGN (0x20)
 *(.irq)
 *(.exceptions.entry.label)
 .exceptions.entry.label
                0x0000000000000020        0x0 e:/ClockAlarm/software/hello_world_bsp/\libhal_bsp.a(alt_irq_entry.o)
                0x0000000000000020                alt_irq_entry
 .exceptions.entry.label
                0x0000000000000020        0x0 e:/ClockAlarm/software/hello_world_bsp/\libhal_bsp.a(alt_exception_entry.o)
                0x0000000000000020                alt_exception
 *(.exceptions.entry.user)
 *(.exceptions.entry.ecc_fatal)
 *(.exceptions.entry)
 .exceptions.entry
                0x0000000000000020       0x54 e:/ClockAlarm/software/hello_world_bsp/\libhal_bsp.a(alt_exception_entry.o)
 *(.exceptions.irqtest.user)
 *(.exceptions.irqtest)
 .exceptions.irqtest
                0x0000000000000074       0x10 e:/ClockAlarm/software/hello_world_bsp/\libhal_bsp.a(alt_irq_entry.o)
 *(.exceptions.irqhandler.user)
 *(.exceptions.irqhandler)
 .exceptions.irqhandler
                0x0000000000000084        0x4 e:/ClockAlarm/software/hello_world_bsp/\libhal_bsp.a(alt_irq_entry.o)
 *(.exceptions.irqreturn.user)
 *(.exceptions.irqreturn)
 .exceptions.irqreturn
                0x0000000000000088        0x4 e:/ClockAlarm/software/hello_world_bsp/\libhal_bsp.a(alt_irq_entry.o)
 *(.exceptions.notirq.label)
 .exceptions.notirq.label
                0x000000000000008c        0x0 e:/ClockAlarm/software/hello_world_bsp/\libhal_bsp.a(alt_irq_entry.o)
 *(.exceptions.notirq.user)
 *(.exceptions.notirq)
 .exceptions.notirq
                0x000000000000008c        0x8 e:/ClockAlarm/software/hello_world_bsp/\libhal_bsp.a(alt_exception_entry.o)
 *(.exceptions.soft.user)
 *(.exceptions.soft)
 *(.exceptions.unknown.user)
 *(.exceptions.unknown)
 .exceptions.unknown
                0x0000000000000094       0x14 e:/ClockAlarm/software/hello_world_bsp/\libhal_bsp.a(alt_exception_entry.o)
 *(.exceptions.exit.label)
 .exceptions.exit.label
                0x00000000000000a8        0x0 e:/ClockAlarm/software/hello_world_bsp/\libhal_bsp.a(alt_irq_entry.o)
 .exceptions.exit.label
                0x00000000000000a8        0x0 e:/ClockAlarm/software/hello_world_bsp/\libhal_bsp.a(alt_exception_entry.o)
 *(.exceptions.exit.user)
 *(.exceptions.exit)
 .exceptions.exit
                0x00000000000000a8       0x54 e:/ClockAlarm/software/hello_world_bsp/\libhal_bsp.a(alt_exception_entry.o)
 *(.exceptions)
 .exceptions    0x00000000000000fc       0x60 e:/ClockAlarm/software/hello_world_bsp/\libhal_bsp.a(alt_irq_handler.o)
                0x00000000000000fc                alt_irq_handler
 .exceptions    0x000000000000015c       0x24 e:/ClockAlarm/software/hello_world_bsp/\libhal_bsp.a(alt_instruction_exception_entry.o)
                0x000000000000015c                alt_instruction_exception_entry
                0x0000000000000180                PROVIDE (__ram_exceptions_end = ABSOLUTE (.))
                0x0000000000000020                PROVIDE (__flash_exceptions_start = LOADADDR (.exceptions))

.text           0x0000000000000180      0x9d8
                [!provide]                        PROVIDE (stext = ABSOLUTE (.))
 *(.interp)
 *(.hash)
 *(.dynsym)
 *(.dynstr)
 *(.gnu.version)
 *(.gnu.version_d)
 *(.gnu.version_r)
 *(.rel.init)
 *(.rela.init)
 *(.rel.text .rel.text.* .rel.gnu.linkonce.t.*)
 *(.rela.text .rela.text.* .rela.gnu.linkonce.t.*)
 *(.rel.fini)
 *(.rela.fini)
 *(.rel.rodata .rel.rodata.* .rel.gnu.linkonce.r.*)
 *(.rela.rodata .rela.rodata.* .rela.gnu.linkonce.r.*)
 *(.rel.data .rel.data.* .rel.gnu.linkonce.d.*)
 *(.rela.data .rela.data.* .rela.gnu.linkonce.d.*)
 *(.rel.tdata .rel.tdata.* .rel.gnu.linkonce.td.*)
 *(.rela.tdata .rela.tdata.* .rela.gnu.linkonce.td.*)
 *(.rel.tbss .rel.tbss.* .rel.gnu.linkonce.tb.*)
 *(.rela.tbss .rela.tbss.* .rela.gnu.linkonce.tb.*)
 *(.rel.ctors)
 *(.rela.ctors)
 *(.rel.dtors)
 *(.rela.dtors)
 *(.rel.got)
 *(.rela.got)
 *(.rel.sdata .rel.sdata.* .rel.gnu.linkonce.s.*)
 *(.rela.sdata .rela.sdata.* .rela.gnu.linkonce.s.*)
 *(.rel.sbss .rel.sbss.* .rel.gnu.linkonce.sb.*)
 *(.rela.sbss .rela.sbss.* .rela.gnu.linkonce.sb.*)
 *(.rel.sdata2 .rel.sdata2.* .rel.gnu.linkonce.s2.*)
 *(.rela.sdata2 .rela.sdata2.* .rela.gnu.linkonce.s2.*)
 *(.rel.sbss2 .rel.sbss2.* .rel.gnu.linkonce.sb2.*)
 *(.rela.sbss2 .rela.sbss2.* .rela.gnu.linkonce.sb2.*)
 *(.rel.bss .rel.bss.* .rel.gnu.linkonce.b.*)
 *(.rela.bss .rela.bss.* .rela.gnu.linkonce.b.*)
 *(.rel.plt)
 *(.rela.plt)
 *(.rel.dyn)
 *(.init)
 *(.plt)
 *(.text .stub .text.* .gnu.linkonce.t.*)
 .text          0x0000000000000180       0x3c e:/ClockAlarm/software/hello_world_bsp//obj/HAL/src/crt0.o
                0x0000000000000180                _start
 .text          0x00000000000001bc      0x4b0 obj/default/clock_alarm.o
                0x00000000000001bc                handle_set_mode_button_interrupt
                0x0000000000000234                handle_increase_hour_interrupt
                0x000000000000027c                handle_increase_min_interrupt
                0x00000000000002c0                handle_confirm_button_interrupt
                0x0000000000000328                check_alarm
                0x0000000000000368                timer_interrupt
                0x0000000000000398                int_to_7display
                0x00000000000003b8                update_displays
                0x0000000000000554                timer_setup
                0x0000000000000590                system_setup
 .text.startup  0x000000000000066c       0x6c obj/default/clock_alarm.o
                0x000000000000066c                main
 .text          0x00000000000006d8      0x1b8 e:/intelfpga_lite/19.1/nios2eds/bin/gnu/h-x86_64-mingw32/bin/../lib/gcc/nios2-elf/8.3.1/mno-hw-mul\libgcc.a(lib2-divmod.o)
                0x00000000000006d8                __divsi3
                0x0000000000000758                __modsi3
                0x00000000000007d0                __udivsi3
                0x0000000000000834                __umodsi3
 .text          0x0000000000000890       0x8c e:/ClockAlarm/software/hello_world_bsp/\libhal_bsp.a(alt_iic.o)
                0x0000000000000890                alt_ic_isr_register
                0x0000000000000894                alt_ic_irq_enable
                0x00000000000008cc                alt_ic_irq_disable
                0x0000000000000904                alt_ic_irq_enabled
 .text          0x000000000000091c       0x68 e:/ClockAlarm/software/hello_world_bsp/\libhal_bsp.a(alt_iic_isr_register.o)
                0x000000000000091c                alt_iic_isr_register
 .text          0x0000000000000984        0x0 e:/ClockAlarm/software/hello_world_bsp/\libhal_bsp.a(alt_irq_entry.o)
 .text          0x0000000000000984        0x0 e:/ClockAlarm/software/hello_world_bsp/\libhal_bsp.a(alt_irq_handler.o)
 .text          0x0000000000000984        0x0 e:/ClockAlarm/software/hello_world_bsp/\libhal_bsp.a(alt_irq_vars.o)
 .text          0x0000000000000984       0xb4 e:/ClockAlarm/software/hello_world_bsp/\libhal_bsp.a(alt_load.o)
                0x0000000000000984                alt_load
 .text          0x0000000000000a38       0x2c e:/ClockAlarm/software/hello_world_bsp/\libhal_bsp.a(alt_main.o)
                0x0000000000000a38                alt_main
 .text          0x0000000000000a64       0x38 e:/ClockAlarm/software/hello_world_bsp/\libhal_bsp.a(alt_putstr.o)
                0x0000000000000a64                alt_putstr
 .text          0x0000000000000a9c       0x38 e:/ClockAlarm/software/hello_world_bsp/\libhal_bsp.a(alt_sys_init.o)
                0x0000000000000a9c                alt_irq_init
                0x0000000000000abc                alt_sys_init
 .text          0x0000000000000ad4       0x30 e:/ClockAlarm/software/hello_world_bsp/\libhal_bsp.a(altera_avalon_jtag_uart_write.o)
                0x0000000000000ad4                altera_avalon_jtag_uart_write
 .text          0x0000000000000b04        0x0 e:/ClockAlarm/software/hello_world_bsp/\libhal_bsp.a(altera_avalon_timer_vars.o)
 .text          0x0000000000000b04        0x4 e:/ClockAlarm/software/hello_world_bsp/\libhal_bsp.a(alt_dcache_flush_all.o)
                0x0000000000000b04                alt_dcache_flush_all
 .text          0x0000000000000b08        0x0 e:/ClockAlarm/software/hello_world_bsp/\libhal_bsp.a(alt_exception_entry.o)
 .text          0x0000000000000b08        0x4 e:/ClockAlarm/software/hello_world_bsp/\libhal_bsp.a(alt_icache_flush_all.o)
                0x0000000000000b08                alt_icache_flush_all
 .text          0x0000000000000b0c       0x28 e:/ClockAlarm/software/hello_world_bsp/\libhal_bsp.a(alt_instruction_exception_entry.o)
                0x0000000000000b0c                alt_exception_cause_generated_bad_addr
 .text          0x0000000000000b34        0x8 e:/ClockAlarm/software/hello_world_bsp/\libhal_bsp.a(altera_nios2_gen2_irq.o)
                0x0000000000000b34                altera_nios2_gen2_irq_init
 .text          0x0000000000000b3c        0x0 e:/intelfpga_lite/19.1/nios2eds/bin/gnu/h-x86_64-mingw32/bin/../lib/gcc/nios2-elf/8.3.1/../../../../../H-x86_64-mingw32/nios2-elf/lib/mno-hw-mul\libsmallc.a(lib_a-strlen.o)
 .text.strlen   0x0000000000000b3c       0x1c e:/intelfpga_lite/19.1/nios2eds/bin/gnu/h-x86_64-mingw32/bin/../lib/gcc/nios2-elf/8.3.1/../../../../../H-x86_64-mingw32/nios2-elf/lib/mno-hw-mul\libsmallc.a(lib_a-strlen.o)
                0x0000000000000b3c                strlen
 *(.gnu.warning.*)
 *(.fini)
                [!provide]                        PROVIDE (__etext = ABSOLUTE (.))
                [!provide]                        PROVIDE (_etext = ABSOLUTE (.))
                [!provide]                        PROVIDE (etext = ABSOLUTE (.))
 *(.eh_frame_hdr)
                0x0000000000000b58                . = ALIGN (0x4)
                [!provide]                        PROVIDE (__preinit_array_start = ABSOLUTE (.))
 *(.preinit_array)
                [!provide]                        PROVIDE (__preinit_array_end = ABSOLUTE (.))
                [!provide]                        PROVIDE (__init_array_start = ABSOLUTE (.))
 *(.init_array)
                [!provide]                        PROVIDE (__init_array_end = ABSOLUTE (.))
                [!provide]                        PROVIDE (__fini_array_start = ABSOLUTE (.))
 *(.fini_array)
                [!provide]                        PROVIDE (__fini_array_end = ABSOLUTE (.))
 *(.eh_frame)
 *(.gcc_except_table .gcc_except_table.*)
 *(.dynamic)
                [!provide]                        PROVIDE (__CTOR_LIST__ = ABSOLUTE (.))
 *(.ctors)
 *(SORT_BY_NAME(.ctors.*))
                [!provide]                        PROVIDE (__CTOR_END__ = ABSOLUTE (.))
                [!provide]                        PROVIDE (__DTOR_LIST__ = ABSOLUTE (.))
 *(.dtors)
 *(SORT_BY_NAME(.dtors.*))
                [!provide]                        PROVIDE (__DTOR_END__ = ABSOLUTE (.))
 *(.jcr)
                0x0000000000000b58                . = ALIGN (0x4)

.rodata         0x0000000000000b58      0x130
                0x0000000000000b58                PROVIDE (__ram_rodata_start = ABSOLUTE (.))
                0x0000000000000b58                . = ALIGN (0x4)
 *(.rodata .rodata.* .gnu.linkonce.r.*)
 .rodata.str1.4
                0x0000000000000b58      0x124 obj/default/clock_alarm.o
                                        0x121 (size before relaxing)
 .rodata        0x0000000000000c7c        0x9 obj/default/clock_alarm.o
 *(.rodata1)
                0x0000000000000c88                . = ALIGN (0x4)
 *fill*         0x0000000000000c85        0x3 
                0x0000000000000c88                PROVIDE (__ram_rodata_end = ABSOLUTE (.))
                0x0000000000000b58                PROVIDE (__flash_rodata_start = LOADADDR (.rodata))

.rwdata         0x0000000000000c88       0x64 load address 0x0000000000000cec
                0x0000000000000c88                PROVIDE (__ram_rwdata_start = ABSOLUTE (.))
                0x0000000000000c88                . = ALIGN (0x4)
 *(.got.plt)
 *(.got)
 *(.data1)
 *(.data .data.* .gnu.linkonce.d.*)
 .data          0x0000000000000c88        0x0 e:/ClockAlarm/software/hello_world_bsp//obj/HAL/src/crt0.o
 .data          0x0000000000000c88        0x0 obj/default/clock_alarm.o
 .data          0x0000000000000c88        0x0 e:/intelfpga_lite/19.1/nios2eds/bin/gnu/h-x86_64-mingw32/bin/../lib/gcc/nios2-elf/8.3.1/mno-hw-mul\libgcc.a(lib2-divmod.o)
 .data          0x0000000000000c88        0x0 e:/ClockAlarm/software/hello_world_bsp/\libhal_bsp.a(alt_iic.o)
 .data          0x0000000000000c88        0x0 e:/ClockAlarm/software/hello_world_bsp/\libhal_bsp.a(alt_iic_isr_register.o)
 .data          0x0000000000000c88        0x0 e:/ClockAlarm/software/hello_world_bsp/\libhal_bsp.a(alt_irq_entry.o)
 .data          0x0000000000000c88        0x0 e:/ClockAlarm/software/hello_world_bsp/\libhal_bsp.a(alt_irq_handler.o)
 .data          0x0000000000000c88        0x0 e:/ClockAlarm/software/hello_world_bsp/\libhal_bsp.a(alt_irq_vars.o)
 .data          0x0000000000000c88        0x0 e:/ClockAlarm/software/hello_world_bsp/\libhal_bsp.a(alt_load.o)
 .data          0x0000000000000c88        0x0 e:/ClockAlarm/software/hello_world_bsp/\libhal_bsp.a(alt_main.o)
 .data          0x0000000000000c88        0x0 e:/ClockAlarm/software/hello_world_bsp/\libhal_bsp.a(alt_putstr.o)
 .data          0x0000000000000c88        0x0 e:/ClockAlarm/software/hello_world_bsp/\libhal_bsp.a(alt_sys_init.o)
 .data          0x0000000000000c88        0x0 e:/ClockAlarm/software/hello_world_bsp/\libhal_bsp.a(altera_avalon_jtag_uart_write.o)
 .data          0x0000000000000c88        0x0 e:/ClockAlarm/software/hello_world_bsp/\libhal_bsp.a(altera_avalon_timer_vars.o)
 .data          0x0000000000000c88        0x0 e:/ClockAlarm/software/hello_world_bsp/\libhal_bsp.a(alt_dcache_flush_all.o)
 .data          0x0000000000000c88        0x0 e:/ClockAlarm/software/hello_world_bsp/\libhal_bsp.a(alt_exception_entry.o)
 .data          0x0000000000000c88        0x0 e:/ClockAlarm/software/hello_world_bsp/\libhal_bsp.a(alt_icache_flush_all.o)
 .data          0x0000000000000c88        0x0 e:/ClockAlarm/software/hello_world_bsp/\libhal_bsp.a(alt_instruction_exception_entry.o)
 .data          0x0000000000000c88        0x0 e:/ClockAlarm/software/hello_world_bsp/\libhal_bsp.a(altera_nios2_gen2_irq.o)
 .data          0x0000000000000c88        0x0 e:/intelfpga_lite/19.1/nios2eds/bin/gnu/h-x86_64-mingw32/bin/../lib/gcc/nios2-elf/8.3.1/../../../../../H-x86_64-mingw32/nios2-elf/lib/mno-hw-mul\libsmallc.a(lib_a-strlen.o)
                0x0000000000008c88                _gp = ABSOLUTE ((. + 0x8000))
                [!provide]                        PROVIDE (gp = _gp)
 *(.rwdata .rwdata.*)
 *(.sdata .sdata.* .gnu.linkonce.s.*)
 .sdata         0x0000000000000c88       0x5c obj/default/clock_alarm.o
                0x0000000000000c88                mode
                0x0000000000000c8c                CONFIRM_BUTTON_EDGE
                0x0000000000000c90                CONFIRM_BUTTON_MASK
                0x0000000000000c94                CONFIRM_BUTTON
                0x0000000000000c98                INC_MIN_BUTTON_EDGE
                0x0000000000000c9c                INC_MIN_BUTTON_MASK
                0x0000000000000ca0                INC_MIN_BUTTON
                0x0000000000000ca4                INC_HOUR_BUTTON_EDGE
                0x0000000000000ca8                INC_HOUR_BUTTON_MASK
                0x0000000000000cac                INC_HOUR_BUTTON
                0x0000000000000cb0                SET_MODE_BUTTON_EDGE
                0x0000000000000cb4                SET_MODE_BUTTON_MASK
                0x0000000000000cb8                SET_MODE_BUTTON
                0x0000000000000cbc                TIMER_CONTROL
                0x0000000000000cc0                TIMER
                0x0000000000000cc4                SECOND_2_DATA
                0x0000000000000cc8                SECOND_1_DATA
                0x0000000000000ccc                MINUTE_2_DATA
                0x0000000000000cd0                MINUTE_1_DATA
                0x0000000000000cd4                HOUR_2_DATA
                0x0000000000000cd8                HOUR_1_DATA
                0x0000000000000cdc                alarm_time
                0x0000000000000ce0                LED_DATA
 .sdata         0x0000000000000ce4        0x4 e:/ClockAlarm/software/hello_world_bsp/\libhal_bsp.a(alt_irq_vars.o)
                0x0000000000000ce4                alt_priority_mask
 .sdata         0x0000000000000ce8        0x4 e:/ClockAlarm/software/hello_world_bsp/\libhal_bsp.a(alt_sys_init.o)
                0x0000000000000ce8                JTAG
 *(.sdata2 .sdata2.* .gnu.linkonce.s2.*)
                0x0000000000000cec                . = ALIGN (0x4)
                0x0000000000000cec                _edata = ABSOLUTE (.)
                [!provide]                        PROVIDE (edata = ABSOLUTE (.))
                0x0000000000000cec                PROVIDE (__ram_rwdata_end = ABSOLUTE (.))
                0x0000000000000cec                PROVIDE (__flash_rwdata_start = LOADADDR (.rwdata))

.bss            0x0000000000000d50      0x12c
                0x0000000000000d50                __bss_start = ABSOLUTE (.)
                [!provide]                        PROVIDE (__sbss_start = ABSOLUTE (.))
                [!provide]                        PROVIDE (___sbss_start = ABSOLUTE (.))
 *(.dynsbss)
 *(.sbss .sbss.* .gnu.linkonce.sb.*)
 .sbss          0x0000000000000d50       0x10 obj/default/clock_alarm.o
                0x0000000000000d50                minutes
                0x0000000000000d54                hours
                0x0000000000000d58                time_counter
                0x0000000000000d5c                pulse_value
 .sbss          0x0000000000000d60        0x4 e:/ClockAlarm/software/hello_world_bsp/\libhal_bsp.a(alt_irq_vars.o)
                0x0000000000000d60                alt_irq_active
 .sbss          0x0000000000000d64        0xc e:/ClockAlarm/software/hello_world_bsp/\libhal_bsp.a(alt_main.o)
                0x0000000000000d64                alt_envp
                0x0000000000000d68                alt_argv
                0x0000000000000d6c                alt_argc
 .sbss          0x0000000000000d70        0x8 e:/ClockAlarm/software/hello_world_bsp/\libhal_bsp.a(altera_avalon_timer_vars.o)
                0x0000000000000d70                altera_avalon_timer_ts_freq
                0x0000000000000d74                altera_avalon_timer_ts_base
 .sbss          0x0000000000000d78        0x4 e:/ClockAlarm/software/hello_world_bsp/\libhal_bsp.a(alt_instruction_exception_entry.o)
                0x0000000000000d78                alt_instruction_exception_handler
 *(.sbss2 .sbss2.* .gnu.linkonce.sb2.*)
 *(.scommon)
                [!provide]                        PROVIDE (__sbss_end = ABSOLUTE (.))
                [!provide]                        PROVIDE (___sbss_end = ABSOLUTE (.))
 *(.dynbss)
 *(.bss .bss.* .gnu.linkonce.b.*)
 .bss           0x0000000000000d7c        0x0 e:/ClockAlarm/software/hello_world_bsp//obj/HAL/src/crt0.o
 .bss           0x0000000000000d7c        0x0 obj/default/clock_alarm.o
 .bss           0x0000000000000d7c        0x0 e:/intelfpga_lite/19.1/nios2eds/bin/gnu/h-x86_64-mingw32/bin/../lib/gcc/nios2-elf/8.3.1/mno-hw-mul\libgcc.a(lib2-divmod.o)
 .bss           0x0000000000000d7c        0x0 e:/ClockAlarm/software/hello_world_bsp/\libhal_bsp.a(alt_iic.o)
 .bss           0x0000000000000d7c        0x0 e:/ClockAlarm/software/hello_world_bsp/\libhal_bsp.a(alt_iic_isr_register.o)
 .bss           0x0000000000000d7c        0x0 e:/ClockAlarm/software/hello_world_bsp/\libhal_bsp.a(alt_irq_entry.o)
 .bss           0x0000000000000d7c        0x0 e:/ClockAlarm/software/hello_world_bsp/\libhal_bsp.a(alt_irq_handler.o)
 .bss           0x0000000000000d7c        0x0 e:/ClockAlarm/software/hello_world_bsp/\libhal_bsp.a(alt_irq_vars.o)
 .bss           0x0000000000000d7c        0x0 e:/ClockAlarm/software/hello_world_bsp/\libhal_bsp.a(alt_load.o)
 .bss           0x0000000000000d7c        0x0 e:/ClockAlarm/software/hello_world_bsp/\libhal_bsp.a(alt_main.o)
 .bss           0x0000000000000d7c        0x0 e:/ClockAlarm/software/hello_world_bsp/\libhal_bsp.a(alt_putstr.o)
 .bss           0x0000000000000d7c        0x0 e:/ClockAlarm/software/hello_world_bsp/\libhal_bsp.a(alt_sys_init.o)
 .bss           0x0000000000000d7c        0x0 e:/ClockAlarm/software/hello_world_bsp/\libhal_bsp.a(altera_avalon_jtag_uart_write.o)
 .bss           0x0000000000000d7c        0x0 e:/ClockAlarm/software/hello_world_bsp/\libhal_bsp.a(altera_avalon_timer_vars.o)
 .bss           0x0000000000000d7c        0x0 e:/ClockAlarm/software/hello_world_bsp/\libhal_bsp.a(alt_dcache_flush_all.o)
 .bss           0x0000000000000d7c        0x0 e:/ClockAlarm/software/hello_world_bsp/\libhal_bsp.a(alt_exception_entry.o)
 .bss           0x0000000000000d7c        0x0 e:/ClockAlarm/software/hello_world_bsp/\libhal_bsp.a(alt_icache_flush_all.o)
 .bss           0x0000000000000d7c        0x0 e:/ClockAlarm/software/hello_world_bsp/\libhal_bsp.a(alt_instruction_exception_entry.o)
 .bss           0x0000000000000d7c        0x0 e:/ClockAlarm/software/hello_world_bsp/\libhal_bsp.a(altera_nios2_gen2_irq.o)
 .bss           0x0000000000000d7c        0x0 e:/intelfpga_lite/19.1/nios2eds/bin/gnu/h-x86_64-mingw32/bin/../lib/gcc/nios2-elf/8.3.1/../../../../../H-x86_64-mingw32/nios2-elf/lib/mno-hw-mul\libsmallc.a(lib_a-strlen.o)
 *(COMMON)
 COMMON         0x0000000000000d7c      0x100 e:/ClockAlarm/software/hello_world_bsp/\libhal_bsp.a(alt_irq_handler.o)
                0x0000000000000d7c                alt_irq
                0x0000000000000e7c                . = ALIGN (0x4)
                0x0000000000000e7c                __bss_end = ABSOLUTE (.)

.RAM            0x0000000000000e7c        0x0
                [!provide]                        PROVIDE (_alt_partition_RAM_start = ABSOLUTE (.))
 *(.RAM .RAM. RAM.*)
                0x0000000000000e7c                . = ALIGN (0x4)
                [!provide]                        PROVIDE (_alt_partition_RAM_end = ABSOLUTE (.))
                0x0000000000000e7c                _end = ABSOLUTE (.)
                0x0000000000000e7c                end = ABSOLUTE (.)
                0x0000000000000e7c                __alt_stack_base = ABSOLUTE (.)
                [!provide]                        PROVIDE (_alt_partition_RAM_load_addr = LOADADDR (.RAM))

.stab
 *(.stab)

.stabstr
 *(.stabstr)

.stab.excl
 *(.stab.excl)

.stab.exclstr
 *(.stab.exclstr)

.stab.index
 *(.stab.index)

.stab.indexstr
 *(.stab.indexstr)

.comment        0x0000000000000000       0x2c
 *(.comment)
 .comment       0x0000000000000000       0x2c obj/default/clock_alarm.o
                                         0x2d (size before relaxing)
 .comment       0x000000000000002c       0x2d e:/intelfpga_lite/19.1/nios2eds/bin/gnu/h-x86_64-mingw32/bin/../lib/gcc/nios2-elf/8.3.1/mno-hw-mul\libgcc.a(lib2-divmod.o)
 .comment       0x000000000000002c       0x2d e:/ClockAlarm/software/hello_world_bsp/\libhal_bsp.a(alt_iic.o)
 .comment       0x000000000000002c       0x2d e:/ClockAlarm/software/hello_world_bsp/\libhal_bsp.a(alt_iic_isr_register.o)
 .comment       0x000000000000002c       0x2d e:/ClockAlarm/software/hello_world_bsp/\libhal_bsp.a(alt_irq_handler.o)
 .comment       0x000000000000002c       0x2d e:/ClockAlarm/software/hello_world_bsp/\libhal_bsp.a(alt_irq_vars.o)
 .comment       0x000000000000002c       0x2d e:/ClockAlarm/software/hello_world_bsp/\libhal_bsp.a(alt_load.o)
 .comment       0x000000000000002c       0x2d e:/ClockAlarm/software/hello_world_bsp/\libhal_bsp.a(alt_main.o)
 .comment       0x000000000000002c       0x2d e:/ClockAlarm/software/hello_world_bsp/\libhal_bsp.a(alt_putstr.o)
 .comment       0x000000000000002c       0x2d e:/ClockAlarm/software/hello_world_bsp/\libhal_bsp.a(alt_sys_init.o)
 .comment       0x000000000000002c       0x2d e:/ClockAlarm/software/hello_world_bsp/\libhal_bsp.a(altera_avalon_jtag_uart_write.o)
 .comment       0x000000000000002c       0x2d e:/ClockAlarm/software/hello_world_bsp/\libhal_bsp.a(altera_avalon_timer_vars.o)
 .comment       0x000000000000002c       0x2d e:/ClockAlarm/software/hello_world_bsp/\libhal_bsp.a(alt_dcache_flush_all.o)
 .comment       0x000000000000002c       0x2d e:/ClockAlarm/software/hello_world_bsp/\libhal_bsp.a(alt_icache_flush_all.o)
 .comment       0x000000000000002c       0x2d e:/ClockAlarm/software/hello_world_bsp/\libhal_bsp.a(alt_instruction_exception_entry.o)
 .comment       0x000000000000002c       0x2d e:/ClockAlarm/software/hello_world_bsp/\libhal_bsp.a(altera_nios2_gen2_irq.o)
 .comment       0x000000000000002c       0x2d e:/intelfpga_lite/19.1/nios2eds/bin/gnu/h-x86_64-mingw32/bin/../lib/gcc/nios2-elf/8.3.1/../../../../../H-x86_64-mingw32/nios2-elf/lib/mno-hw-mul\libsmallc.a(lib_a-strlen.o)

.debug
 *(.debug)

.line
 *(.line)

.debug_srcinfo
 *(.debug_srcinfo)

.debug_sfnames
 *(.debug_sfnames)

.debug_aranges  0x0000000000000000      0x2b0
 *(.debug_aranges)
 .debug_aranges
                0x0000000000000000       0x28 e:/ClockAlarm/software/hello_world_bsp//obj/HAL/src/crt0.o
 .debug_aranges
                0x0000000000000028       0x28 obj/default/clock_alarm.o
 .debug_aranges
                0x0000000000000050       0x20 e:/intelfpga_lite/19.1/nios2eds/bin/gnu/h-x86_64-mingw32/bin/../lib/gcc/nios2-elf/8.3.1/mno-hw-mul\libgcc.a(lib2-divmod.o)
 .debug_aranges
                0x0000000000000070       0x20 e:/ClockAlarm/software/hello_world_bsp/\libhal_bsp.a(alt_iic.o)
 .debug_aranges
                0x0000000000000090       0x20 e:/ClockAlarm/software/hello_world_bsp/\libhal_bsp.a(alt_iic_isr_register.o)
 .debug_aranges
                0x00000000000000b0       0x30 e:/ClockAlarm/software/hello_world_bsp/\libhal_bsp.a(alt_irq_entry.o)
 .debug_aranges
                0x00000000000000e0       0x20 e:/ClockAlarm/software/hello_world_bsp/\libhal_bsp.a(alt_irq_handler.o)
 .debug_aranges
                0x0000000000000100       0x18 e:/ClockAlarm/software/hello_world_bsp/\libhal_bsp.a(alt_irq_vars.o)
 .debug_aranges
                0x0000000000000118       0x20 e:/ClockAlarm/software/hello_world_bsp/\libhal_bsp.a(alt_load.o)
 .debug_aranges
                0x0000000000000138       0x20 e:/ClockAlarm/software/hello_world_bsp/\libhal_bsp.a(alt_main.o)
 .debug_aranges
                0x0000000000000158       0x20 e:/ClockAlarm/software/hello_world_bsp/\libhal_bsp.a(alt_putstr.o)
 .debug_aranges
                0x0000000000000178       0x20 e:/ClockAlarm/software/hello_world_bsp/\libhal_bsp.a(alt_sys_init.o)
 .debug_aranges
                0x0000000000000198       0x20 e:/ClockAlarm/software/hello_world_bsp/\libhal_bsp.a(altera_avalon_jtag_uart_write.o)
 .debug_aranges
                0x00000000000001b8       0x18 e:/ClockAlarm/software/hello_world_bsp/\libhal_bsp.a(altera_avalon_timer_vars.o)
 .debug_aranges
                0x00000000000001d0       0x20 e:/ClockAlarm/software/hello_world_bsp/\libhal_bsp.a(alt_dcache_flush_all.o)
 .debug_aranges
                0x00000000000001f0       0x38 e:/ClockAlarm/software/hello_world_bsp/\libhal_bsp.a(alt_exception_entry.o)
 .debug_aranges
                0x0000000000000228       0x20 e:/ClockAlarm/software/hello_world_bsp/\libhal_bsp.a(alt_icache_flush_all.o)
 .debug_aranges
                0x0000000000000248       0x28 e:/ClockAlarm/software/hello_world_bsp/\libhal_bsp.a(alt_instruction_exception_entry.o)
 .debug_aranges
                0x0000000000000270       0x20 e:/ClockAlarm/software/hello_world_bsp/\libhal_bsp.a(altera_nios2_gen2_irq.o)
 .debug_aranges
                0x0000000000000290       0x20 e:/intelfpga_lite/19.1/nios2eds/bin/gnu/h-x86_64-mingw32/bin/../lib/gcc/nios2-elf/8.3.1/../../../../../H-x86_64-mingw32/nios2-elf/lib/mno-hw-mul\libsmallc.a(lib_a-strlen.o)

.debug_pubnames
 *(.debug_pubnames)

.debug_info     0x0000000000000000     0x9cd0
 *(.debug_info .gnu.linkonce.wi.*)
 .debug_info    0x0000000000000000       0x22 e:/ClockAlarm/software/hello_world_bsp//obj/HAL/src/crt0.o
 .debug_info    0x0000000000000022     0x1045 obj/default/clock_alarm.o
 .debug_info    0x0000000000001067      0x368 e:/intelfpga_lite/19.1/nios2eds/bin/gnu/h-x86_64-mingw32/bin/../lib/gcc/nios2-elf/8.3.1/mno-hw-mul\libgcc.a(lib2-divmod.o)
 .debug_info    0x00000000000013cf      0xcbb e:/ClockAlarm/software/hello_world_bsp/\libhal_bsp.a(alt_iic.o)
 .debug_info    0x000000000000208a      0xb37 e:/ClockAlarm/software/hello_world_bsp/\libhal_bsp.a(alt_iic_isr_register.o)
 .debug_info    0x0000000000002bc1       0x22 e:/ClockAlarm/software/hello_world_bsp/\libhal_bsp.a(alt_irq_entry.o)
 .debug_info    0x0000000000002be3      0xa68 e:/ClockAlarm/software/hello_world_bsp/\libhal_bsp.a(alt_irq_handler.o)
 .debug_info    0x000000000000364b       0x8b e:/ClockAlarm/software/hello_world_bsp/\libhal_bsp.a(alt_irq_vars.o)
 .debug_info    0x00000000000036d6      0xaea e:/ClockAlarm/software/hello_world_bsp/\libhal_bsp.a(alt_load.o)
 .debug_info    0x00000000000041c0      0xeac e:/ClockAlarm/software/hello_world_bsp/\libhal_bsp.a(alt_main.o)
 .debug_info    0x000000000000506c      0x9c0 e:/ClockAlarm/software/hello_world_bsp/\libhal_bsp.a(alt_putstr.o)
 .debug_info    0x0000000000005a2c      0xa83 e:/ClockAlarm/software/hello_world_bsp/\libhal_bsp.a(alt_sys_init.o)
 .debug_info    0x00000000000064af      0xaa8 e:/ClockAlarm/software/hello_world_bsp/\libhal_bsp.a(altera_avalon_jtag_uart_write.o)
 .debug_info    0x0000000000006f57      0x94b e:/ClockAlarm/software/hello_world_bsp/\libhal_bsp.a(altera_avalon_timer_vars.o)
 .debug_info    0x00000000000078a2      0x931 e:/ClockAlarm/software/hello_world_bsp/\libhal_bsp.a(alt_dcache_flush_all.o)
 .debug_info    0x00000000000081d3       0x22 e:/ClockAlarm/software/hello_world_bsp/\libhal_bsp.a(alt_exception_entry.o)
 .debug_info    0x00000000000081f5      0x931 e:/ClockAlarm/software/hello_world_bsp/\libhal_bsp.a(alt_icache_flush_all.o)
 .debug_info    0x0000000000008b26      0x20f e:/ClockAlarm/software/hello_world_bsp/\libhal_bsp.a(alt_instruction_exception_entry.o)
 .debug_info    0x0000000000008d35      0x952 e:/ClockAlarm/software/hello_world_bsp/\libhal_bsp.a(altera_nios2_gen2_irq.o)
 .debug_info    0x0000000000009687      0x649 e:/intelfpga_lite/19.1/nios2eds/bin/gnu/h-x86_64-mingw32/bin/../lib/gcc/nios2-elf/8.3.1/../../../../../H-x86_64-mingw32/nios2-elf/lib/mno-hw-mul\libsmallc.a(lib_a-strlen.o)

.debug_abbrev   0x0000000000000000     0x23ad
 *(.debug_abbrev)
 .debug_abbrev  0x0000000000000000       0x12 e:/ClockAlarm/software/hello_world_bsp//obj/HAL/src/crt0.o
 .debug_abbrev  0x0000000000000012      0x369 obj/default/clock_alarm.o
 .debug_abbrev  0x000000000000037b      0x103 e:/intelfpga_lite/19.1/nios2eds/bin/gnu/h-x86_64-mingw32/bin/../lib/gcc/nios2-elf/8.3.1/mno-hw-mul\libgcc.a(lib2-divmod.o)
 .debug_abbrev  0x000000000000047e      0x328 e:/ClockAlarm/software/hello_world_bsp/\libhal_bsp.a(alt_iic.o)
 .debug_abbrev  0x00000000000007a6      0x303 e:/ClockAlarm/software/hello_world_bsp/\libhal_bsp.a(alt_iic_isr_register.o)
 .debug_abbrev  0x0000000000000aa9       0x12 e:/ClockAlarm/software/hello_world_bsp/\libhal_bsp.a(alt_irq_entry.o)
 .debug_abbrev  0x0000000000000abb      0x28c e:/ClockAlarm/software/hello_world_bsp/\libhal_bsp.a(alt_irq_handler.o)
 .debug_abbrev  0x0000000000000d47       0x44 e:/ClockAlarm/software/hello_world_bsp/\libhal_bsp.a(alt_irq_vars.o)
 .debug_abbrev  0x0000000000000d8b      0x277 e:/ClockAlarm/software/hello_world_bsp/\libhal_bsp.a(alt_load.o)
 .debug_abbrev  0x0000000000001002      0x252 e:/ClockAlarm/software/hello_world_bsp/\libhal_bsp.a(alt_main.o)
 .debug_abbrev  0x0000000000001254      0x249 e:/ClockAlarm/software/hello_world_bsp/\libhal_bsp.a(alt_putstr.o)
 .debug_abbrev  0x000000000000149d      0x279 e:/ClockAlarm/software/hello_world_bsp/\libhal_bsp.a(alt_sys_init.o)
 .debug_abbrev  0x0000000000001716      0x251 e:/ClockAlarm/software/hello_world_bsp/\libhal_bsp.a(altera_avalon_jtag_uart_write.o)
 .debug_abbrev  0x0000000000001967      0x1d1 e:/ClockAlarm/software/hello_world_bsp/\libhal_bsp.a(altera_avalon_timer_vars.o)
 .debug_abbrev  0x0000000000001b38      0x1e0 e:/ClockAlarm/software/hello_world_bsp/\libhal_bsp.a(alt_dcache_flush_all.o)
 .debug_abbrev  0x0000000000001d18       0x12 e:/ClockAlarm/software/hello_world_bsp/\libhal_bsp.a(alt_exception_entry.o)
 .debug_abbrev  0x0000000000001d2a      0x1e0 e:/ClockAlarm/software/hello_world_bsp/\libhal_bsp.a(alt_icache_flush_all.o)
 .debug_abbrev  0x0000000000001f0a      0x116 e:/ClockAlarm/software/hello_world_bsp/\libhal_bsp.a(alt_instruction_exception_entry.o)
 .debug_abbrev  0x0000000000002020      0x1e5 e:/ClockAlarm/software/hello_world_bsp/\libhal_bsp.a(altera_nios2_gen2_irq.o)
 .debug_abbrev  0x0000000000002205      0x1a8 e:/intelfpga_lite/19.1/nios2eds/bin/gnu/h-x86_64-mingw32/bin/../lib/gcc/nios2-elf/8.3.1/../../../../../H-x86_64-mingw32/nios2-elf/lib/mno-hw-mul\libsmallc.a(lib_a-strlen.o)

.debug_line     0x0000000000000000     0x2421
 *(.debug_line)
 .debug_line    0x0000000000000000       0x66 e:/ClockAlarm/software/hello_world_bsp//obj/HAL/src/crt0.o
 .debug_line    0x0000000000000066      0x513 obj/default/clock_alarm.o
 .debug_line    0x0000000000000579      0x307 e:/intelfpga_lite/19.1/nios2eds/bin/gnu/h-x86_64-mingw32/bin/../lib/gcc/nios2-elf/8.3.1/mno-hw-mul\libgcc.a(lib2-divmod.o)
 .debug_line    0x0000000000000880      0x272 e:/ClockAlarm/software/hello_world_bsp/\libhal_bsp.a(alt_iic.o)
 .debug_line    0x0000000000000af2      0x22e e:/ClockAlarm/software/hello_world_bsp/\libhal_bsp.a(alt_iic_isr_register.o)
 .debug_line    0x0000000000000d20       0x6b e:/ClockAlarm/software/hello_world_bsp/\libhal_bsp.a(alt_irq_entry.o)
 .debug_line    0x0000000000000d8b      0x1f4 e:/ClockAlarm/software/hello_world_bsp/\libhal_bsp.a(alt_irq_handler.o)
 .debug_line    0x0000000000000f7f       0x50 e:/ClockAlarm/software/hello_world_bsp/\libhal_bsp.a(alt_irq_vars.o)
 .debug_line    0x0000000000000fcf      0x255 e:/ClockAlarm/software/hello_world_bsp/\libhal_bsp.a(alt_load.o)
 .debug_line    0x0000000000001224      0x2f7 e:/ClockAlarm/software/hello_world_bsp/\libhal_bsp.a(alt_main.o)
 .debug_line    0x000000000000151b      0x190 e:/ClockAlarm/software/hello_world_bsp/\libhal_bsp.a(alt_putstr.o)
 .debug_line    0x00000000000016ab      0x215 e:/ClockAlarm/software/hello_world_bsp/\libhal_bsp.a(alt_sys_init.o)
 .debug_line    0x00000000000018c0      0x243 e:/ClockAlarm/software/hello_world_bsp/\libhal_bsp.a(altera_avalon_jtag_uart_write.o)
 .debug_line    0x0000000000001b03      0x15c e:/ClockAlarm/software/hello_world_bsp/\libhal_bsp.a(altera_avalon_timer_vars.o)
 .debug_line    0x0000000000001c5f      0x17f e:/ClockAlarm/software/hello_world_bsp/\libhal_bsp.a(alt_dcache_flush_all.o)
 .debug_line    0x0000000000001dde       0xb3 e:/ClockAlarm/software/hello_world_bsp/\libhal_bsp.a(alt_exception_entry.o)
 .debug_line    0x0000000000001e91      0x17d e:/ClockAlarm/software/hello_world_bsp/\libhal_bsp.a(alt_icache_flush_all.o)
 .debug_line    0x000000000000200e       0xe3 e:/ClockAlarm/software/hello_world_bsp/\libhal_bsp.a(alt_instruction_exception_entry.o)
 .debug_line    0x00000000000020f1      0x139 e:/ClockAlarm/software/hello_world_bsp/\libhal_bsp.a(altera_nios2_gen2_irq.o)
 .debug_line    0x000000000000222a      0x1f7 e:/intelfpga_lite/19.1/nios2eds/bin/gnu/h-x86_64-mingw32/bin/../lib/gcc/nios2-elf/8.3.1/../../../../../H-x86_64-mingw32/nios2-elf/lib/mno-hw-mul\libsmallc.a(lib_a-strlen.o)

.debug_frame    0x0000000000000000      0x3e0
 *(.debug_frame)
 .debug_frame   0x0000000000000000      0x13c obj/default/clock_alarm.o
 .debug_frame   0x000000000000013c       0x50 e:/intelfpga_lite/19.1/nios2eds/bin/gnu/h-x86_64-mingw32/bin/../lib/gcc/nios2-elf/8.3.1/mno-hw-mul\libgcc.a(lib2-divmod.o)
 .debug_frame   0x000000000000018c       0x50 e:/ClockAlarm/software/hello_world_bsp/\libhal_bsp.a(alt_iic.o)
 .debug_frame   0x00000000000001dc       0x38 e:/ClockAlarm/software/hello_world_bsp/\libhal_bsp.a(alt_iic_isr_register.o)
 .debug_frame   0x0000000000000214       0x34 e:/ClockAlarm/software/hello_world_bsp/\libhal_bsp.a(alt_irq_handler.o)
 .debug_frame   0x0000000000000248       0x30 e:/ClockAlarm/software/hello_world_bsp/\libhal_bsp.a(alt_load.o)
 .debug_frame   0x0000000000000278       0x2c e:/ClockAlarm/software/hello_world_bsp/\libhal_bsp.a(alt_main.o)
 .debug_frame   0x00000000000002a4       0x30 e:/ClockAlarm/software/hello_world_bsp/\libhal_bsp.a(alt_putstr.o)
 .debug_frame   0x00000000000002d4       0x3c e:/ClockAlarm/software/hello_world_bsp/\libhal_bsp.a(alt_sys_init.o)
 .debug_frame   0x0000000000000310       0x20 e:/ClockAlarm/software/hello_world_bsp/\libhal_bsp.a(altera_avalon_jtag_uart_write.o)
 .debug_frame   0x0000000000000330       0x20 e:/ClockAlarm/software/hello_world_bsp/\libhal_bsp.a(alt_dcache_flush_all.o)
 .debug_frame   0x0000000000000350       0x20 e:/ClockAlarm/software/hello_world_bsp/\libhal_bsp.a(alt_icache_flush_all.o)
 .debug_frame   0x0000000000000370       0x30 e:/ClockAlarm/software/hello_world_bsp/\libhal_bsp.a(alt_instruction_exception_entry.o)
 .debug_frame   0x00000000000003a0       0x20 e:/ClockAlarm/software/hello_world_bsp/\libhal_bsp.a(altera_nios2_gen2_irq.o)
 .debug_frame   0x00000000000003c0       0x20 e:/intelfpga_lite/19.1/nios2eds/bin/gnu/h-x86_64-mingw32/bin/../lib/gcc/nios2-elf/8.3.1/../../../../../H-x86_64-mingw32/nios2-elf/lib/mno-hw-mul\libsmallc.a(lib_a-strlen.o)

.debug_str      0x0000000000000000     0x1611
 *(.debug_str)
 .debug_str     0x0000000000000000       0x45 e:/ClockAlarm/software/hello_world_bsp//obj/HAL/src/crt0.o
 .debug_str     0x0000000000000045      0x725 obj/default/clock_alarm.o
                                        0x7c8 (size before relaxing)
 .debug_str     0x000000000000076a      0x192 e:/intelfpga_lite/19.1/nios2eds/bin/gnu/h-x86_64-mingw32/bin/../lib/gcc/nios2-elf/8.3.1/mno-hw-mul\libgcc.a(lib2-divmod.o)
                                        0x1dd (size before relaxing)
 .debug_str     0x00000000000008fc       0xe6 e:/ClockAlarm/software/hello_world_bsp/\libhal_bsp.a(alt_iic.o)
                                        0x624 (size before relaxing)
 .debug_str     0x00000000000009e2       0x37 e:/ClockAlarm/software/hello_world_bsp/\libhal_bsp.a(alt_iic_isr_register.o)
                                        0x5f0 (size before relaxing)
 .debug_str     0x0000000000000a19       0x18 e:/ClockAlarm/software/hello_world_bsp/\libhal_bsp.a(alt_irq_entry.o)
                                         0x4e (size before relaxing)
 .debug_str     0x0000000000000a31       0x3a e:/ClockAlarm/software/hello_world_bsp/\libhal_bsp.a(alt_irq_handler.o)
                                        0x57a (size before relaxing)
 .debug_str     0x0000000000000a6b       0x29 e:/ClockAlarm/software/hello_world_bsp/\libhal_bsp.a(alt_irq_vars.o)
                                        0x130 (size before relaxing)
 .debug_str     0x0000000000000a94      0x11d e:/ClockAlarm/software/hello_world_bsp/\libhal_bsp.a(alt_load.o)
                                        0x612 (size before relaxing)
 .debug_str     0x0000000000000bb1      0x24d e:/ClockAlarm/software/hello_world_bsp/\libhal_bsp.a(alt_main.o)
                                        0x7cd (size before relaxing)
 .debug_str     0x0000000000000dfe       0x5f e:/ClockAlarm/software/hello_world_bsp/\libhal_bsp.a(alt_putstr.o)
                                        0x557 (size before relaxing)
 .debug_str     0x0000000000000e5d       0xd7 e:/ClockAlarm/software/hello_world_bsp/\libhal_bsp.a(alt_sys_init.o)
                                        0x64b (size before relaxing)
 .debug_str     0x0000000000000f34       0x2c e:/ClockAlarm/software/hello_world_bsp/\libhal_bsp.a(altera_avalon_jtag_uart_write.o)
                                        0x616 (size before relaxing)
 .debug_str     0x0000000000000f60       0x27 e:/ClockAlarm/software/hello_world_bsp/\libhal_bsp.a(altera_avalon_timer_vars.o)
                                        0x554 (size before relaxing)
 .debug_str     0x0000000000000f87       0x1f e:/ClockAlarm/software/hello_world_bsp/\libhal_bsp.a(alt_dcache_flush_all.o)
                                        0x52b (size before relaxing)
 .debug_str     0x0000000000000fa6       0x1e e:/ClockAlarm/software/hello_world_bsp/\libhal_bsp.a(alt_exception_entry.o)
                                         0x54 (size before relaxing)
 .debug_str     0x0000000000000fc4       0x1f e:/ClockAlarm/software/hello_world_bsp/\libhal_bsp.a(alt_icache_flush_all.o)
                                        0x52b (size before relaxing)
 .debug_str     0x0000000000000fe3      0x48b e:/ClockAlarm/software/hello_world_bsp/\libhal_bsp.a(alt_instruction_exception_entry.o)
                                        0x596 (size before relaxing)
 .debug_str     0x000000000000146e       0x20 e:/ClockAlarm/software/hello_world_bsp/\libhal_bsp.a(altera_nios2_gen2_irq.o)
                                        0x53f (size before relaxing)
 .debug_str     0x000000000000148e      0x183 e:/intelfpga_lite/19.1/nios2eds/bin/gnu/h-x86_64-mingw32/bin/../lib/gcc/nios2-elf/8.3.1/../../../../../H-x86_64-mingw32/nios2-elf/lib/mno-hw-mul\libsmallc.a(lib_a-strlen.o)
                                        0x4d0 (size before relaxing)

.debug_loc      0x0000000000000000      0xfc6
 *(.debug_loc)
 .debug_loc     0x0000000000000000      0x348 obj/default/clock_alarm.o
 .debug_loc     0x0000000000000348      0x5f7 e:/intelfpga_lite/19.1/nios2eds/bin/gnu/h-x86_64-mingw32/bin/../lib/gcc/nios2-elf/8.3.1/mno-hw-mul\libgcc.a(lib2-divmod.o)
 .debug_loc     0x000000000000093f      0x19b e:/ClockAlarm/software/hello_world_bsp/\libhal_bsp.a(alt_iic.o)
 .debug_loc     0x0000000000000ada      0x23c e:/ClockAlarm/software/hello_world_bsp/\libhal_bsp.a(alt_iic_isr_register.o)
 .debug_loc     0x0000000000000d16       0xac e:/ClockAlarm/software/hello_world_bsp/\libhal_bsp.a(alt_irq_handler.o)
 .debug_loc     0x0000000000000dc2       0x66 e:/ClockAlarm/software/hello_world_bsp/\libhal_bsp.a(alt_load.o)
 .debug_loc     0x0000000000000e28       0x3f e:/ClockAlarm/software/hello_world_bsp/\libhal_bsp.a(alt_putstr.o)
 .debug_loc     0x0000000000000e67       0x25 e:/ClockAlarm/software/hello_world_bsp/\libhal_bsp.a(alt_sys_init.o)
 .debug_loc     0x0000000000000e8c       0x93 e:/ClockAlarm/software/hello_world_bsp/\libhal_bsp.a(altera_avalon_jtag_uart_write.o)
 .debug_loc     0x0000000000000f1f       0x63 e:/ClockAlarm/software/hello_world_bsp/\libhal_bsp.a(alt_instruction_exception_entry.o)
 .debug_loc     0x0000000000000f82       0x44 e:/intelfpga_lite/19.1/nios2eds/bin/gnu/h-x86_64-mingw32/bin/../lib/gcc/nios2-elf/8.3.1/../../../../../H-x86_64-mingw32/nios2-elf/lib/mno-hw-mul\libsmallc.a(lib_a-strlen.o)

.debug_macinfo
 *(.debug_macinfo)

.debug_weaknames
 *(.debug_weaknames)

.debug_funcnames
 *(.debug_funcnames)

.debug_typenames
 *(.debug_typenames)

.debug_varnames
 *(.debug_varnames)

.debug_alt_sim_info
                0x0000000000000000       0x10
 *(.debug_alt_sim_info)
 .debug_alt_sim_info
                0x0000000000000000       0x10 e:/ClockAlarm/software/hello_world_bsp//obj/HAL/src/crt0.o
                0x0000000000001000                __alt_data_end = 0x1000
                0x0000000000001000                PROVIDE (__alt_stack_pointer = __alt_data_end)
                [!provide]                        PROVIDE (__alt_stack_limit = __alt_stack_base)
                [!provide]                        PROVIDE (__alt_heap_start = end)
                [!provide]                        PROVIDE (__alt_heap_limit = 0x1000)
OUTPUT(hello_world.elf elf32-littlenios2)

.debug_ranges   0x0000000000000000      0x208
 .debug_ranges  0x0000000000000000       0x20 e:/ClockAlarm/software/hello_world_bsp//obj/HAL/src/crt0.o
 .debug_ranges  0x0000000000000020       0x18 obj/default/clock_alarm.o
 .debug_ranges  0x0000000000000038       0x70 e:/intelfpga_lite/19.1/nios2eds/bin/gnu/h-x86_64-mingw32/bin/../lib/gcc/nios2-elf/8.3.1/mno-hw-mul\libgcc.a(lib2-divmod.o)
 .debug_ranges  0x00000000000000a8       0x18 e:/ClockAlarm/software/hello_world_bsp/\libhal_bsp.a(alt_iic_isr_register.o)
 .debug_ranges  0x00000000000000c0       0x28 e:/ClockAlarm/software/hello_world_bsp/\libhal_bsp.a(alt_irq_entry.o)
 .debug_ranges  0x00000000000000e8       0x28 e:/ClockAlarm/software/hello_world_bsp/\libhal_bsp.a(alt_irq_handler.o)
 .debug_ranges  0x0000000000000110       0xa0 e:/ClockAlarm/software/hello_world_bsp/\libhal_bsp.a(alt_load.o)
 .debug_ranges  0x00000000000001b0       0x30 e:/ClockAlarm/software/hello_world_bsp/\libhal_bsp.a(alt_exception_entry.o)
 .debug_ranges  0x00000000000001e0       0x18 e:/ClockAlarm/software/hello_world_bsp/\libhal_bsp.a(alt_instruction_exception_entry.o)
 .debug_ranges  0x00000000000001f8       0x10 e:/intelfpga_lite/19.1/nios2eds/bin/gnu/h-x86_64-mingw32/bin/../lib/gcc/nios2-elf/8.3.1/../../../../../H-x86_64-mingw32/nios2-elf/lib/mno-hw-mul\libsmallc.a(lib_a-strlen.o)
