Archive member included to satisfy reference by file (symbol)

e:/intelfpga_lite/19.1/nios2eds/bin/gnu/h-x86_64-mingw32/bin/../lib/gcc/nios2-elf/8.3.1/mno-hw-mul\libgcc.a(lib2-divmod.o)
                              obj/default/clock_alarm.o (__divsi3)
E:/ClockAlarm/software/clock_alarm_bsp\libhal_bsp.a(alt_iic.o)
                              obj/default/clock_alarm.o (alt_ic_isr_register)
E:/ClockAlarm/software/clock_alarm_bsp\libhal_bsp.a(alt_iic_isr_register.o)
                              E:/ClockAlarm/software/clock_alarm_bsp\libhal_bsp.a(alt_iic.o) (alt_iic_isr_register)
E:/ClockAlarm/software/clock_alarm_bsp\libhal_bsp.a(alt_irq_entry.o)
                              E:/ClockAlarm/software/clock_alarm_bsp\libhal_bsp.a(alt_iic_isr_register.o) (alt_irq_entry)
E:/ClockAlarm/software/clock_alarm_bsp\libhal_bsp.a(alt_irq_handler.o)
                              E:/ClockAlarm/software/clock_alarm_bsp\libhal_bsp.a(alt_iic_isr_register.o) (alt_irq_handler)
E:/ClockAlarm/software/clock_alarm_bsp\libhal_bsp.a(alt_irq_vars.o)
                              E:/ClockAlarm/software/clock_alarm_bsp\libhal_bsp.a(alt_iic.o) (alt_irq_active)
E:/ClockAlarm/software/clock_alarm_bsp\libhal_bsp.a(alt_load.o)
                              E:/ClockAlarm/software/clock_alarm_bsp/obj/HAL/src/crt0.o (alt_load)
E:/ClockAlarm/software/clock_alarm_bsp\libhal_bsp.a(alt_main.o)
                              E:/ClockAlarm/software/clock_alarm_bsp/obj/HAL/src/crt0.o (alt_main)
E:/ClockAlarm/software/clock_alarm_bsp\libhal_bsp.a(alt_putstr.o)
                              obj/default/clock_alarm.o (alt_putstr)
E:/ClockAlarm/software/clock_alarm_bsp\libhal_bsp.a(alt_sys_init.o)
                              E:/ClockAlarm/software/clock_alarm_bsp\libhal_bsp.a(alt_main.o) (alt_irq_init)
E:/ClockAlarm/software/clock_alarm_bsp\libhal_bsp.a(altera_avalon_jtag_uart_write.o)
                              E:/ClockAlarm/software/clock_alarm_bsp\libhal_bsp.a(alt_putstr.o) (altera_avalon_jtag_uart_write)
E:/ClockAlarm/software/clock_alarm_bsp\libhal_bsp.a(altera_avalon_timer_vars.o)
                              E:/ClockAlarm/software/clock_alarm_bsp\libhal_bsp.a(alt_sys_init.o) (altera_avalon_timer_ts_freq)
E:/ClockAlarm/software/clock_alarm_bsp\libhal_bsp.a(alt_dcache_flush_all.o)
                              E:/ClockAlarm/software/clock_alarm_bsp\libhal_bsp.a(alt_load.o) (alt_dcache_flush_all)
E:/ClockAlarm/software/clock_alarm_bsp\libhal_bsp.a(alt_exception_entry.o)
                              E:/ClockAlarm/software/clock_alarm_bsp\libhal_bsp.a(alt_irq_entry.o) (alt_exception)
E:/ClockAlarm/software/clock_alarm_bsp\libhal_bsp.a(alt_icache_flush_all.o)
                              E:/ClockAlarm/software/clock_alarm_bsp\libhal_bsp.a(alt_load.o) (alt_icache_flush_all)
E:/ClockAlarm/software/clock_alarm_bsp\libhal_bsp.a(alt_instruction_exception_entry.o)
                              E:/ClockAlarm/software/clock_alarm_bsp\libhal_bsp.a(alt_exception_entry.o) (alt_instruction_exception_entry)
E:/ClockAlarm/software/clock_alarm_bsp\libhal_bsp.a(altera_nios2_gen2_irq.o)
                              E:/ClockAlarm/software/clock_alarm_bsp\libhal_bsp.a(alt_sys_init.o) (altera_nios2_gen2_irq_init)
e:/intelfpga_lite/19.1/nios2eds/bin/gnu/h-x86_64-mingw32/bin/../lib/gcc/nios2-elf/8.3.1/../../../../../H-x86_64-mingw32/nios2-elf/lib/mno-hw-mul\libsmallc.a(lib_a-strlen.o)
                              E:/ClockAlarm/software/clock_alarm_bsp\libhal_bsp.a(alt_putstr.o) (strlen)

Allocating common symbols
Common symbol       size              file

alt_irq             0x100             E:/ClockAlarm/software/clock_alarm_bsp\libhal_bsp.a(alt_irq_handler.o)

Memory Configuration

Name             Origin             Length             Attributes
reset            0x0000000000000000 0x0000000000000020
RAM              0x0000000000000020 0x0000000000000fe0
*default*        0x0000000000000000 0xffffffffffffffff

Linker script and memory map

LOAD E:/ClockAlarm/software/clock_alarm_bsp/obj/HAL/src/crt0.o
LOAD obj/default/clock_alarm.o
LOAD e:/intelfpga_lite/19.1/nios2eds/bin/gnu/h-x86_64-mingw32/bin/../lib/gcc/nios2-elf/8.3.1/../../../../../H-x86_64-mingw32/nios2-elf/lib/mno-hw-mul\libstdc++.a
LOAD e:/intelfpga_lite/19.1/nios2eds/bin/gnu/h-x86_64-mingw32/bin/../lib/gcc/nios2-elf/8.3.1/../../../../../H-x86_64-mingw32/nios2-elf/lib/mno-hw-mul\libm.a
LOAD e:/intelfpga_lite/19.1/nios2eds/bin/gnu/h-x86_64-mingw32/bin/../lib/gcc/nios2-elf/8.3.1/mno-hw-mul\libgcc.a
START GROUP
LOAD e:/intelfpga_lite/19.1/nios2eds/bin/gnu/h-x86_64-mingw32/bin/../lib/gcc/nios2-elf/8.3.1/../../../../../H-x86_64-mingw32/nios2-elf/lib/mno-hw-mul\libsmallc.a
LOAD e:/intelfpga_lite/19.1/nios2eds/bin/gnu/h-x86_64-mingw32/bin/../lib/gcc/nios2-elf/8.3.1/mno-hw-mul\libgcc.a
LOAD E:/ClockAlarm/software/clock_alarm_bsp\libhal_bsp.a
LOAD e:/intelfpga_lite/19.1/nios2eds/bin/gnu/h-x86_64-mingw32/bin/../lib/gcc/nios2-elf/8.3.1/../../../../../H-x86_64-mingw32/nios2-elf/lib/mno-hw-mul\libm.a
END GROUP
LOAD e:/intelfpga_lite/19.1/nios2eds/bin/gnu/h-x86_64-mingw32/bin/../lib/gcc/nios2-elf/8.3.1/mno-hw-mul\libgcc.a
                0x0000000000000000                __alt_mem_RAM = 0x0

.entry          0x0000000000000000       0x20
 *(.entry)
 .entry         0x0000000000000000       0x20 E:/ClockAlarm/software/clock_alarm_bsp/obj/HAL/src/crt0.o
                0x0000000000000000                __reset
                0x000000000000000c                _exit

.exceptions     0x0000000000000020      0x160
                0x0000000000000020                PROVIDE (__ram_exceptions_start = ABSOLUTE (.))
                0x0000000000000020                . = ALIGN (0x20)
 *(.irq)
 *(.exceptions.entry.label)
 .exceptions.entry.label
                0x0000000000000020        0x0 E:/ClockAlarm/software/clock_alarm_bsp\libhal_bsp.a(alt_irq_entry.o)
                0x0000000000000020                alt_irq_entry
 .exceptions.entry.label
                0x0000000000000020        0x0 E:/ClockAlarm/software/clock_alarm_bsp\libhal_bsp.a(alt_exception_entry.o)
                0x0000000000000020                alt_exception
 *(.exceptions.entry.user)
 *(.exceptions.entry.ecc_fatal)
 *(.exceptions.entry)
 .exceptions.entry
                0x0000000000000020       0x54 E:/ClockAlarm/software/clock_alarm_bsp\libhal_bsp.a(alt_exception_entry.o)
 *(.exceptions.irqtest.user)
 *(.exceptions.irqtest)
 .exceptions.irqtest
                0x0000000000000074       0x10 E:/ClockAlarm/software/clock_alarm_bsp\libhal_bsp.a(alt_irq_entry.o)
 *(.exceptions.irqhandler.user)
 *(.exceptions.irqhandler)
 .exceptions.irqhandler
                0x0000000000000084        0x4 E:/ClockAlarm/software/clock_alarm_bsp\libhal_bsp.a(alt_irq_entry.o)
 *(.exceptions.irqreturn.user)
 *(.exceptions.irqreturn)
 .exceptions.irqreturn
                0x0000000000000088        0x4 E:/ClockAlarm/software/clock_alarm_bsp\libhal_bsp.a(alt_irq_entry.o)
 *(.exceptions.notirq.label)
 .exceptions.notirq.label
                0x000000000000008c        0x0 E:/ClockAlarm/software/clock_alarm_bsp\libhal_bsp.a(alt_irq_entry.o)
 *(.exceptions.notirq.user)
 *(.exceptions.notirq)
 .exceptions.notirq
                0x000000000000008c        0x8 E:/ClockAlarm/software/clock_alarm_bsp\libhal_bsp.a(alt_exception_entry.o)
 *(.exceptions.soft.user)
 *(.exceptions.soft)
 *(.exceptions.unknown.user)
 *(.exceptions.unknown)
 .exceptions.unknown
                0x0000000000000094       0x14 E:/ClockAlarm/software/clock_alarm_bsp\libhal_bsp.a(alt_exception_entry.o)
 *(.exceptions.exit.label)
 .exceptions.exit.label
                0x00000000000000a8        0x0 E:/ClockAlarm/software/clock_alarm_bsp\libhal_bsp.a(alt_irq_entry.o)
 .exceptions.exit.label
                0x00000000000000a8        0x0 E:/ClockAlarm/software/clock_alarm_bsp\libhal_bsp.a(alt_exception_entry.o)
 *(.exceptions.exit.user)
 *(.exceptions.exit)
 .exceptions.exit
                0x00000000000000a8       0x54 E:/ClockAlarm/software/clock_alarm_bsp\libhal_bsp.a(alt_exception_entry.o)
 *(.exceptions)
 .exceptions    0x00000000000000fc       0x60 E:/ClockAlarm/software/clock_alarm_bsp\libhal_bsp.a(alt_irq_handler.o)
                0x00000000000000fc                alt_irq_handler
 .exceptions    0x000000000000015c       0x24 E:/ClockAlarm/software/clock_alarm_bsp\libhal_bsp.a(alt_instruction_exception_entry.o)
                0x000000000000015c                alt_instruction_exception_entry
                0x0000000000000180                PROVIDE (__ram_exceptions_end = ABSOLUTE (.))
                0x0000000000000020                PROVIDE (__flash_exceptions_start = LOADADDR (.exceptions))

.text           0x0000000000000180      0x8f8
                [!provide]                        PROVIDE (stext = ABSOLUTE (.))
 *(.interp)
 *(.hash)
 *(.dynsym)
 *(.dynstr)
 *(.gnu.version)
 *(.gnu.version_d)
 *(.gnu.version_r)
 *(.rel.init)
 *(.rela.init)
 *(.rel.text .rel.text.* .rel.gnu.linkonce.t.*)
 *(.rela.text .rela.text.* .rela.gnu.linkonce.t.*)
 *(.rel.fini)
 *(.rela.fini)
 *(.rel.rodata .rel.rodata.* .rel.gnu.linkonce.r.*)
 *(.rela.rodata .rela.rodata.* .rela.gnu.linkonce.r.*)
 *(.rel.data .rel.data.* .rel.gnu.linkonce.d.*)
 *(.rela.data .rela.data.* .rela.gnu.linkonce.d.*)
 *(.rel.tdata .rel.tdata.* .rel.gnu.linkonce.td.*)
 *(.rela.tdata .rela.tdata.* .rela.gnu.linkonce.td.*)
 *(.rel.tbss .rel.tbss.* .rel.gnu.linkonce.tb.*)
 *(.rela.tbss .rela.tbss.* .rela.gnu.linkonce.tb.*)
 *(.rel.ctors)
 *(.rela.ctors)
 *(.rel.dtors)
 *(.rela.dtors)
 *(.rel.got)
 *(.rela.got)
 *(.rel.sdata .rel.sdata.* .rel.gnu.linkonce.s.*)
 *(.rela.sdata .rela.sdata.* .rela.gnu.linkonce.s.*)
 *(.rel.sbss .rel.sbss.* .rel.gnu.linkonce.sb.*)
 *(.rela.sbss .rela.sbss.* .rela.gnu.linkonce.sb.*)
 *(.rel.sdata2 .rel.sdata2.* .rel.gnu.linkonce.s2.*)
 *(.rela.sdata2 .rela.sdata2.* .rela.gnu.linkonce.s2.*)
 *(.rel.sbss2 .rel.sbss2.* .rel.gnu.linkonce.sb2.*)
 *(.rela.sbss2 .rela.sbss2.* .rela.gnu.linkonce.sb2.*)
 *(.rel.bss .rel.bss.* .rel.gnu.linkonce.b.*)
 *(.rela.bss .rela.bss.* .rela.gnu.linkonce.b.*)
 *(.rel.plt)
 *(.rela.plt)
 *(.rel.dyn)
 *(.init)
 *(.plt)
 *(.text .stub .text.* .gnu.linkonce.t.*)
 .text          0x0000000000000180       0x3c E:/ClockAlarm/software/clock_alarm_bsp/obj/HAL/src/crt0.o
                0x0000000000000180                _start
 .text          0x00000000000001bc      0x3d0 obj/default/clock_alarm.o
                0x00000000000001bc                handle_set_mode_button_interrupt
                0x0000000000000234                handle_increase_hour_interrupt
                0x000000000000027c                handle_increase_min_interrupt
                0x00000000000002c0                handle_confirm_button_interrupt
                0x0000000000000328                check_alarm
                0x0000000000000368                timer_interrupt
                0x0000000000000398                update_displays
                0x0000000000000474                timer_setup
                0x00000000000004b0                system_setup
 .text.startup  0x000000000000058c       0x6c obj/default/clock_alarm.o
                0x000000000000058c                main
 .text          0x00000000000005f8      0x1b8 e:/intelfpga_lite/19.1/nios2eds/bin/gnu/h-x86_64-mingw32/bin/../lib/gcc/nios2-elf/8.3.1/mno-hw-mul\libgcc.a(lib2-divmod.o)
                0x00000000000005f8                __divsi3
                0x0000000000000678                __modsi3
                0x00000000000006f0                __udivsi3
                0x0000000000000754                __umodsi3
 .text          0x00000000000007b0       0x8c E:/ClockAlarm/software/clock_alarm_bsp\libhal_bsp.a(alt_iic.o)
                0x00000000000007b0                alt_ic_isr_register
                0x00000000000007b4                alt_ic_irq_enable
                0x00000000000007ec                alt_ic_irq_disable
                0x0000000000000824                alt_ic_irq_enabled
 .text          0x000000000000083c       0x68 E:/ClockAlarm/software/clock_alarm_bsp\libhal_bsp.a(alt_iic_isr_register.o)
                0x000000000000083c                alt_iic_isr_register
 .text          0x00000000000008a4        0x0 E:/ClockAlarm/software/clock_alarm_bsp\libhal_bsp.a(alt_irq_entry.o)
 .text          0x00000000000008a4        0x0 E:/ClockAlarm/software/clock_alarm_bsp\libhal_bsp.a(alt_irq_handler.o)
 .text          0x00000000000008a4        0x0 E:/ClockAlarm/software/clock_alarm_bsp\libhal_bsp.a(alt_irq_vars.o)
 .text          0x00000000000008a4       0xb4 E:/ClockAlarm/software/clock_alarm_bsp\libhal_bsp.a(alt_load.o)
                0x00000000000008a4                alt_load
 .text          0x0000000000000958       0x2c E:/ClockAlarm/software/clock_alarm_bsp\libhal_bsp.a(alt_main.o)
                0x0000000000000958                alt_main
 .text          0x0000000000000984       0x38 E:/ClockAlarm/software/clock_alarm_bsp\libhal_bsp.a(alt_putstr.o)
                0x0000000000000984                alt_putstr
 .text          0x00000000000009bc       0x38 E:/ClockAlarm/software/clock_alarm_bsp\libhal_bsp.a(alt_sys_init.o)
                0x00000000000009bc                alt_irq_init
                0x00000000000009dc                alt_sys_init
 .text          0x00000000000009f4       0x30 E:/ClockAlarm/software/clock_alarm_bsp\libhal_bsp.a(altera_avalon_jtag_uart_write.o)
                0x00000000000009f4                altera_avalon_jtag_uart_write
 .text          0x0000000000000a24        0x0 E:/ClockAlarm/software/clock_alarm_bsp\libhal_bsp.a(altera_avalon_timer_vars.o)
 .text          0x0000000000000a24        0x4 E:/ClockAlarm/software/clock_alarm_bsp\libhal_bsp.a(alt_dcache_flush_all.o)
                0x0000000000000a24                alt_dcache_flush_all
 .text          0x0000000000000a28        0x0 E:/ClockAlarm/software/clock_alarm_bsp\libhal_bsp.a(alt_exception_entry.o)
 .text          0x0000000000000a28        0x4 E:/ClockAlarm/software/clock_alarm_bsp\libhal_bsp.a(alt_icache_flush_all.o)
                0x0000000000000a28                alt_icache_flush_all
 .text          0x0000000000000a2c       0x28 E:/ClockAlarm/software/clock_alarm_bsp\libhal_bsp.a(alt_instruction_exception_entry.o)
                0x0000000000000a2c                alt_exception_cause_generated_bad_addr
 .text          0x0000000000000a54        0x8 E:/ClockAlarm/software/clock_alarm_bsp\libhal_bsp.a(altera_nios2_gen2_irq.o)
                0x0000000000000a54                altera_nios2_gen2_irq_init
 .text          0x0000000000000a5c        0x0 e:/intelfpga_lite/19.1/nios2eds/bin/gnu/h-x86_64-mingw32/bin/../lib/gcc/nios2-elf/8.3.1/../../../../../H-x86_64-mingw32/nios2-elf/lib/mno-hw-mul\libsmallc.a(lib_a-strlen.o)
 .text.strlen   0x0000000000000a5c       0x1c e:/intelfpga_lite/19.1/nios2eds/bin/gnu/h-x86_64-mingw32/bin/../lib/gcc/nios2-elf/8.3.1/../../../../../H-x86_64-mingw32/nios2-elf/lib/mno-hw-mul\libsmallc.a(lib_a-strlen.o)
                0x0000000000000a5c                strlen
 *(.gnu.warning.*)
 *(.fini)
                [!provide]                        PROVIDE (__etext = ABSOLUTE (.))
                [!provide]                        PROVIDE (_etext = ABSOLUTE (.))
                [!provide]                        PROVIDE (etext = ABSOLUTE (.))
 *(.eh_frame_hdr)
                0x0000000000000a78                . = ALIGN (0x4)
                [!provide]                        PROVIDE (__preinit_array_start = ABSOLUTE (.))
 *(.preinit_array)
                [!provide]                        PROVIDE (__preinit_array_end = ABSOLUTE (.))
                [!provide]                        PROVIDE (__init_array_start = ABSOLUTE (.))
 *(.init_array)
                [!provide]                        PROVIDE (__init_array_end = ABSOLUTE (.))
                [!provide]                        PROVIDE (__fini_array_start = ABSOLUTE (.))
 *(.fini_array)
                [!provide]                        PROVIDE (__fini_array_end = ABSOLUTE (.))
 *(.eh_frame)
 *(.gcc_except_table .gcc_except_table.*)
 *(.dynamic)
                [!provide]                        PROVIDE (__CTOR_LIST__ = ABSOLUTE (.))
 *(.ctors)
 *(SORT_BY_NAME(.ctors.*))
                [!provide]                        PROVIDE (__CTOR_END__ = ABSOLUTE (.))
                [!provide]                        PROVIDE (__DTOR_LIST__ = ABSOLUTE (.))
 *(.dtors)
 *(SORT_BY_NAME(.dtors.*))
                [!provide]                        PROVIDE (__DTOR_END__ = ABSOLUTE (.))
 *(.jcr)
                0x0000000000000a78                . = ALIGN (0x4)

.rodata         0x0000000000000a78      0x124
                0x0000000000000a78                PROVIDE (__ram_rodata_start = ABSOLUTE (.))
                0x0000000000000a78                . = ALIGN (0x4)
 *(.rodata .rodata.* .gnu.linkonce.r.*)
 .rodata.str1.4
                0x0000000000000a78      0x124 obj/default/clock_alarm.o
                                        0x121 (size before relaxing)
 *(.rodata1)
                0x0000000000000b9c                . = ALIGN (0x4)
                0x0000000000000b9c                PROVIDE (__ram_rodata_end = ABSOLUTE (.))
                0x0000000000000a78                PROVIDE (__flash_rodata_start = LOADADDR (.rodata))

.rwdata         0x0000000000000b9c       0x64 load address 0x0000000000000c00
                0x0000000000000b9c                PROVIDE (__ram_rwdata_start = ABSOLUTE (.))
                0x0000000000000b9c                . = ALIGN (0x4)
 *(.got.plt)
 *(.got)
 *(.data1)
 *(.data .data.* .gnu.linkonce.d.*)
 .data          0x0000000000000b9c        0x0 E:/ClockAlarm/software/clock_alarm_bsp/obj/HAL/src/crt0.o
 .data          0x0000000000000b9c        0x0 obj/default/clock_alarm.o
 .data          0x0000000000000b9c        0x0 e:/intelfpga_lite/19.1/nios2eds/bin/gnu/h-x86_64-mingw32/bin/../lib/gcc/nios2-elf/8.3.1/mno-hw-mul\libgcc.a(lib2-divmod.o)
 .data          0x0000000000000b9c        0x0 E:/ClockAlarm/software/clock_alarm_bsp\libhal_bsp.a(alt_iic.o)
 .data          0x0000000000000b9c        0x0 E:/ClockAlarm/software/clock_alarm_bsp\libhal_bsp.a(alt_iic_isr_register.o)
 .data          0x0000000000000b9c        0x0 E:/ClockAlarm/software/clock_alarm_bsp\libhal_bsp.a(alt_irq_entry.o)
 .data          0x0000000000000b9c        0x0 E:/ClockAlarm/software/clock_alarm_bsp\libhal_bsp.a(alt_irq_handler.o)
 .data          0x0000000000000b9c        0x0 E:/ClockAlarm/software/clock_alarm_bsp\libhal_bsp.a(alt_irq_vars.o)
 .data          0x0000000000000b9c        0x0 E:/ClockAlarm/software/clock_alarm_bsp\libhal_bsp.a(alt_load.o)
 .data          0x0000000000000b9c        0x0 E:/ClockAlarm/software/clock_alarm_bsp\libhal_bsp.a(alt_main.o)
 .data          0x0000000000000b9c        0x0 E:/ClockAlarm/software/clock_alarm_bsp\libhal_bsp.a(alt_putstr.o)
 .data          0x0000000000000b9c        0x0 E:/ClockAlarm/software/clock_alarm_bsp\libhal_bsp.a(alt_sys_init.o)
 .data          0x0000000000000b9c        0x0 E:/ClockAlarm/software/clock_alarm_bsp\libhal_bsp.a(altera_avalon_jtag_uart_write.o)
 .data          0x0000000000000b9c        0x0 E:/ClockAlarm/software/clock_alarm_bsp\libhal_bsp.a(altera_avalon_timer_vars.o)
 .data          0x0000000000000b9c        0x0 E:/ClockAlarm/software/clock_alarm_bsp\libhal_bsp.a(alt_dcache_flush_all.o)
 .data          0x0000000000000b9c        0x0 E:/ClockAlarm/software/clock_alarm_bsp\libhal_bsp.a(alt_exception_entry.o)
 .data          0x0000000000000b9c        0x0 E:/ClockAlarm/software/clock_alarm_bsp\libhal_bsp.a(alt_icache_flush_all.o)
 .data          0x0000000000000b9c        0x0 E:/ClockAlarm/software/clock_alarm_bsp\libhal_bsp.a(alt_instruction_exception_entry.o)
 .data          0x0000000000000b9c        0x0 E:/ClockAlarm/software/clock_alarm_bsp\libhal_bsp.a(altera_nios2_gen2_irq.o)
 .data          0x0000000000000b9c        0x0 e:/intelfpga_lite/19.1/nios2eds/bin/gnu/h-x86_64-mingw32/bin/../lib/gcc/nios2-elf/8.3.1/../../../../../H-x86_64-mingw32/nios2-elf/lib/mno-hw-mul\libsmallc.a(lib_a-strlen.o)
                0x0000000000008b9c                _gp = ABSOLUTE ((. + 0x8000))
                [!provide]                        PROVIDE (gp = _gp)
 *(.rwdata .rwdata.*)
 *(.sdata .sdata.* .gnu.linkonce.s.*)
 .sdata         0x0000000000000b9c       0x5c obj/default/clock_alarm.o
                0x0000000000000b9c                mode
                0x0000000000000ba0                CONFIRM_BUTTON_EDGE
                0x0000000000000ba4                CONFIRM_BUTTON_MASK
                0x0000000000000ba8                CONFIRM_BUTTON
                0x0000000000000bac                INC_MIN_BUTTON_EDGE
                0x0000000000000bb0                INC_MIN_BUTTON_MASK
                0x0000000000000bb4                INC_MIN_BUTTON
                0x0000000000000bb8                INC_HOUR_BUTTON_EDGE
                0x0000000000000bbc                INC_HOUR_BUTTON_MASK
                0x0000000000000bc0                INC_HOUR_BUTTON
                0x0000000000000bc4                SET_MODE_BUTTON_EDGE
                0x0000000000000bc8                SET_MODE_BUTTON_MASK
                0x0000000000000bcc                SET_MODE_BUTTON
                0x0000000000000bd0                TIMER_CONTROL
                0x0000000000000bd4                TIMER
                0x0000000000000bd8                SECOND_2_DATA
                0x0000000000000bdc                SECOND_1_DATA
                0x0000000000000be0                MINUTE_2_DATA
                0x0000000000000be4                MINUTE_1_DATA
                0x0000000000000be8                HOUR_2_DATA
                0x0000000000000bec                HOUR_1_DATA
                0x0000000000000bf0                alarm_time
                0x0000000000000bf4                LED_DATA
 .sdata         0x0000000000000bf8        0x4 E:/ClockAlarm/software/clock_alarm_bsp\libhal_bsp.a(alt_irq_vars.o)
                0x0000000000000bf8                alt_priority_mask
 .sdata         0x0000000000000bfc        0x4 E:/ClockAlarm/software/clock_alarm_bsp\libhal_bsp.a(alt_sys_init.o)
                0x0000000000000bfc                JTAG
 *(.sdata2 .sdata2.* .gnu.linkonce.s2.*)
                0x0000000000000c00                . = ALIGN (0x4)
                0x0000000000000c00                _edata = ABSOLUTE (.)
                [!provide]                        PROVIDE (edata = ABSOLUTE (.))
                0x0000000000000c00                PROVIDE (__ram_rwdata_end = ABSOLUTE (.))
                0x0000000000000c00                PROVIDE (__flash_rwdata_start = LOADADDR (.rwdata))

.bss            0x0000000000000c64      0x12c
                0x0000000000000c64                __bss_start = ABSOLUTE (.)
                [!provide]                        PROVIDE (__sbss_start = ABSOLUTE (.))
                [!provide]                        PROVIDE (___sbss_start = ABSOLUTE (.))
 *(.dynsbss)
 *(.sbss .sbss.* .gnu.linkonce.sb.*)
 .sbss          0x0000000000000c64       0x10 obj/default/clock_alarm.o
                0x0000000000000c64                minutes
                0x0000000000000c68                hours
                0x0000000000000c6c                time_counter
                0x0000000000000c70                pulse_value
 .sbss          0x0000000000000c74        0x4 E:/ClockAlarm/software/clock_alarm_bsp\libhal_bsp.a(alt_irq_vars.o)
                0x0000000000000c74                alt_irq_active
 .sbss          0x0000000000000c78        0xc E:/ClockAlarm/software/clock_alarm_bsp\libhal_bsp.a(alt_main.o)
                0x0000000000000c78                alt_envp
                0x0000000000000c7c                alt_argv
                0x0000000000000c80                alt_argc
 .sbss          0x0000000000000c84        0x8 E:/ClockAlarm/software/clock_alarm_bsp\libhal_bsp.a(altera_avalon_timer_vars.o)
                0x0000000000000c84                altera_avalon_timer_ts_freq
                0x0000000000000c88                altera_avalon_timer_ts_base
 .sbss          0x0000000000000c8c        0x4 E:/ClockAlarm/software/clock_alarm_bsp\libhal_bsp.a(alt_instruction_exception_entry.o)
                0x0000000000000c8c                alt_instruction_exception_handler
 *(.sbss2 .sbss2.* .gnu.linkonce.sb2.*)
 *(.scommon)
                [!provide]                        PROVIDE (__sbss_end = ABSOLUTE (.))
                [!provide]                        PROVIDE (___sbss_end = ABSOLUTE (.))
 *(.dynbss)
 *(.bss .bss.* .gnu.linkonce.b.*)
 .bss           0x0000000000000c90        0x0 E:/ClockAlarm/software/clock_alarm_bsp/obj/HAL/src/crt0.o
 .bss           0x0000000000000c90        0x0 obj/default/clock_alarm.o
 .bss           0x0000000000000c90        0x0 e:/intelfpga_lite/19.1/nios2eds/bin/gnu/h-x86_64-mingw32/bin/../lib/gcc/nios2-elf/8.3.1/mno-hw-mul\libgcc.a(lib2-divmod.o)
 .bss           0x0000000000000c90        0x0 E:/ClockAlarm/software/clock_alarm_bsp\libhal_bsp.a(alt_iic.o)
 .bss           0x0000000000000c90        0x0 E:/ClockAlarm/software/clock_alarm_bsp\libhal_bsp.a(alt_iic_isr_register.o)
 .bss           0x0000000000000c90        0x0 E:/ClockAlarm/software/clock_alarm_bsp\libhal_bsp.a(alt_irq_entry.o)
 .bss           0x0000000000000c90        0x0 E:/ClockAlarm/software/clock_alarm_bsp\libhal_bsp.a(alt_irq_handler.o)
 .bss           0x0000000000000c90        0x0 E:/ClockAlarm/software/clock_alarm_bsp\libhal_bsp.a(alt_irq_vars.o)
 .bss           0x0000000000000c90        0x0 E:/ClockAlarm/software/clock_alarm_bsp\libhal_bsp.a(alt_load.o)
 .bss           0x0000000000000c90        0x0 E:/ClockAlarm/software/clock_alarm_bsp\libhal_bsp.a(alt_main.o)
 .bss           0x0000000000000c90        0x0 E:/ClockAlarm/software/clock_alarm_bsp\libhal_bsp.a(alt_putstr.o)
 .bss           0x0000000000000c90        0x0 E:/ClockAlarm/software/clock_alarm_bsp\libhal_bsp.a(alt_sys_init.o)
 .bss           0x0000000000000c90        0x0 E:/ClockAlarm/software/clock_alarm_bsp\libhal_bsp.a(altera_avalon_jtag_uart_write.o)
 .bss           0x0000000000000c90        0x0 E:/ClockAlarm/software/clock_alarm_bsp\libhal_bsp.a(altera_avalon_timer_vars.o)
 .bss           0x0000000000000c90        0x0 E:/ClockAlarm/software/clock_alarm_bsp\libhal_bsp.a(alt_dcache_flush_all.o)
 .bss           0x0000000000000c90        0x0 E:/ClockAlarm/software/clock_alarm_bsp\libhal_bsp.a(alt_exception_entry.o)
 .bss           0x0000000000000c90        0x0 E:/ClockAlarm/software/clock_alarm_bsp\libhal_bsp.a(alt_icache_flush_all.o)
 .bss           0x0000000000000c90        0x0 E:/ClockAlarm/software/clock_alarm_bsp\libhal_bsp.a(alt_instruction_exception_entry.o)
 .bss           0x0000000000000c90        0x0 E:/ClockAlarm/software/clock_alarm_bsp\libhal_bsp.a(altera_nios2_gen2_irq.o)
 .bss           0x0000000000000c90        0x0 e:/intelfpga_lite/19.1/nios2eds/bin/gnu/h-x86_64-mingw32/bin/../lib/gcc/nios2-elf/8.3.1/../../../../../H-x86_64-mingw32/nios2-elf/lib/mno-hw-mul\libsmallc.a(lib_a-strlen.o)
 *(COMMON)
 COMMON         0x0000000000000c90      0x100 E:/ClockAlarm/software/clock_alarm_bsp\libhal_bsp.a(alt_irq_handler.o)
                0x0000000000000c90                alt_irq
                0x0000000000000d90                . = ALIGN (0x4)
                0x0000000000000d90                __bss_end = ABSOLUTE (.)

.RAM            0x0000000000000d90        0x0
                [!provide]                        PROVIDE (_alt_partition_RAM_start = ABSOLUTE (.))
 *(.RAM .RAM. RAM.*)
                0x0000000000000d90                . = ALIGN (0x4)
                [!provide]                        PROVIDE (_alt_partition_RAM_end = ABSOLUTE (.))
                0x0000000000000d90                _end = ABSOLUTE (.)
                0x0000000000000d90                end = ABSOLUTE (.)
                0x0000000000000d90                __alt_stack_base = ABSOLUTE (.)
                [!provide]                        PROVIDE (_alt_partition_RAM_load_addr = LOADADDR (.RAM))

.stab
 *(.stab)

.stabstr
 *(.stabstr)

.stab.excl
 *(.stab.excl)

.stab.exclstr
 *(.stab.exclstr)

.stab.index
 *(.stab.index)

.stab.indexstr
 *(.stab.indexstr)

.comment        0x0000000000000000       0x2c
 *(.comment)
 .comment       0x0000000000000000       0x2c obj/default/clock_alarm.o
                                         0x2d (size before relaxing)
 .comment       0x000000000000002c       0x2d e:/intelfpga_lite/19.1/nios2eds/bin/gnu/h-x86_64-mingw32/bin/../lib/gcc/nios2-elf/8.3.1/mno-hw-mul\libgcc.a(lib2-divmod.o)
 .comment       0x000000000000002c       0x2d E:/ClockAlarm/software/clock_alarm_bsp\libhal_bsp.a(alt_iic.o)
 .comment       0x000000000000002c       0x2d E:/ClockAlarm/software/clock_alarm_bsp\libhal_bsp.a(alt_iic_isr_register.o)
 .comment       0x000000000000002c       0x2d E:/ClockAlarm/software/clock_alarm_bsp\libhal_bsp.a(alt_irq_handler.o)
 .comment       0x000000000000002c       0x2d E:/ClockAlarm/software/clock_alarm_bsp\libhal_bsp.a(alt_irq_vars.o)
 .comment       0x000000000000002c       0x2d E:/ClockAlarm/software/clock_alarm_bsp\libhal_bsp.a(alt_load.o)
 .comment       0x000000000000002c       0x2d E:/ClockAlarm/software/clock_alarm_bsp\libhal_bsp.a(alt_main.o)
 .comment       0x000000000000002c       0x2d E:/ClockAlarm/software/clock_alarm_bsp\libhal_bsp.a(alt_putstr.o)
 .comment       0x000000000000002c       0x2d E:/ClockAlarm/software/clock_alarm_bsp\libhal_bsp.a(alt_sys_init.o)
 .comment       0x000000000000002c       0x2d E:/ClockAlarm/software/clock_alarm_bsp\libhal_bsp.a(altera_avalon_jtag_uart_write.o)
 .comment       0x000000000000002c       0x2d E:/ClockAlarm/software/clock_alarm_bsp\libhal_bsp.a(altera_avalon_timer_vars.o)
 .comment       0x000000000000002c       0x2d E:/ClockAlarm/software/clock_alarm_bsp\libhal_bsp.a(alt_dcache_flush_all.o)
 .comment       0x000000000000002c       0x2d E:/ClockAlarm/software/clock_alarm_bsp\libhal_bsp.a(alt_icache_flush_all.o)
 .comment       0x000000000000002c       0x2d E:/ClockAlarm/software/clock_alarm_bsp\libhal_bsp.a(alt_instruction_exception_entry.o)
 .comment       0x000000000000002c       0x2d E:/ClockAlarm/software/clock_alarm_bsp\libhal_bsp.a(altera_nios2_gen2_irq.o)
 .comment       0x000000000000002c       0x2d e:/intelfpga_lite/19.1/nios2eds/bin/gnu/h-x86_64-mingw32/bin/../lib/gcc/nios2-elf/8.3.1/../../../../../H-x86_64-mingw32/nios2-elf/lib/mno-hw-mul\libsmallc.a(lib_a-strlen.o)

.debug
 *(.debug)

.line
 *(.line)

.debug_srcinfo
 *(.debug_srcinfo)

.debug_sfnames
 *(.debug_sfnames)

.debug_aranges  0x0000000000000000      0x2b0
 *(.debug_aranges)
 .debug_aranges
                0x0000000000000000       0x28 E:/ClockAlarm/software/clock_alarm_bsp/obj/HAL/src/crt0.o
 .debug_aranges
                0x0000000000000028       0x28 obj/default/clock_alarm.o
 .debug_aranges
                0x0000000000000050       0x20 e:/intelfpga_lite/19.1/nios2eds/bin/gnu/h-x86_64-mingw32/bin/../lib/gcc/nios2-elf/8.3.1/mno-hw-mul\libgcc.a(lib2-divmod.o)
 .debug_aranges
                0x0000000000000070       0x20 E:/ClockAlarm/software/clock_alarm_bsp\libhal_bsp.a(alt_iic.o)
 .debug_aranges
                0x0000000000000090       0x20 E:/ClockAlarm/software/clock_alarm_bsp\libhal_bsp.a(alt_iic_isr_register.o)
 .debug_aranges
                0x00000000000000b0       0x30 E:/ClockAlarm/software/clock_alarm_bsp\libhal_bsp.a(alt_irq_entry.o)
 .debug_aranges
                0x00000000000000e0       0x20 E:/ClockAlarm/software/clock_alarm_bsp\libhal_bsp.a(alt_irq_handler.o)
 .debug_aranges
                0x0000000000000100       0x18 E:/ClockAlarm/software/clock_alarm_bsp\libhal_bsp.a(alt_irq_vars.o)
 .debug_aranges
                0x0000000000000118       0x20 E:/ClockAlarm/software/clock_alarm_bsp\libhal_bsp.a(alt_load.o)
 .debug_aranges
                0x0000000000000138       0x20 E:/ClockAlarm/software/clock_alarm_bsp\libhal_bsp.a(alt_main.o)
 .debug_aranges
                0x0000000000000158       0x20 E:/ClockAlarm/software/clock_alarm_bsp\libhal_bsp.a(alt_putstr.o)
 .debug_aranges
                0x0000000000000178       0x20 E:/ClockAlarm/software/clock_alarm_bsp\libhal_bsp.a(alt_sys_init.o)
 .debug_aranges
                0x0000000000000198       0x20 E:/ClockAlarm/software/clock_alarm_bsp\libhal_bsp.a(altera_avalon_jtag_uart_write.o)
 .debug_aranges
                0x00000000000001b8       0x18 E:/ClockAlarm/software/clock_alarm_bsp\libhal_bsp.a(altera_avalon_timer_vars.o)
 .debug_aranges
                0x00000000000001d0       0x20 E:/ClockAlarm/software/clock_alarm_bsp\libhal_bsp.a(alt_dcache_flush_all.o)
 .debug_aranges
                0x00000000000001f0       0x38 E:/ClockAlarm/software/clock_alarm_bsp\libhal_bsp.a(alt_exception_entry.o)
 .debug_aranges
                0x0000000000000228       0x20 E:/ClockAlarm/software/clock_alarm_bsp\libhal_bsp.a(alt_icache_flush_all.o)
 .debug_aranges
                0x0000000000000248       0x28 E:/ClockAlarm/software/clock_alarm_bsp\libhal_bsp.a(alt_instruction_exception_entry.o)
 .debug_aranges
                0x0000000000000270       0x20 E:/ClockAlarm/software/clock_alarm_bsp\libhal_bsp.a(altera_nios2_gen2_irq.o)
 .debug_aranges
                0x0000000000000290       0x20 e:/intelfpga_lite/19.1/nios2eds/bin/gnu/h-x86_64-mingw32/bin/../lib/gcc/nios2-elf/8.3.1/../../../../../H-x86_64-mingw32/nios2-elf/lib/mno-hw-mul\libsmallc.a(lib_a-strlen.o)

.debug_pubnames
 *(.debug_pubnames)

.debug_info     0x0000000000000000     0x9bb1
 *(.debug_info .gnu.linkonce.wi.*)
 .debug_info    0x0000000000000000       0x22 E:/ClockAlarm/software/clock_alarm_bsp/obj/HAL/src/crt0.o
 .debug_info    0x0000000000000022      0xf26 obj/default/clock_alarm.o
 .debug_info    0x0000000000000f48      0x368 e:/intelfpga_lite/19.1/nios2eds/bin/gnu/h-x86_64-mingw32/bin/../lib/gcc/nios2-elf/8.3.1/mno-hw-mul\libgcc.a(lib2-divmod.o)
 .debug_info    0x00000000000012b0      0xcbb E:/ClockAlarm/software/clock_alarm_bsp\libhal_bsp.a(alt_iic.o)
 .debug_info    0x0000000000001f6b      0xb37 E:/ClockAlarm/software/clock_alarm_bsp\libhal_bsp.a(alt_iic_isr_register.o)
 .debug_info    0x0000000000002aa2       0x22 E:/ClockAlarm/software/clock_alarm_bsp\libhal_bsp.a(alt_irq_entry.o)
 .debug_info    0x0000000000002ac4      0xa68 E:/ClockAlarm/software/clock_alarm_bsp\libhal_bsp.a(alt_irq_handler.o)
 .debug_info    0x000000000000352c       0x8b E:/ClockAlarm/software/clock_alarm_bsp\libhal_bsp.a(alt_irq_vars.o)
 .debug_info    0x00000000000035b7      0xaea E:/ClockAlarm/software/clock_alarm_bsp\libhal_bsp.a(alt_load.o)
 .debug_info    0x00000000000040a1      0xeac E:/ClockAlarm/software/clock_alarm_bsp\libhal_bsp.a(alt_main.o)
 .debug_info    0x0000000000004f4d      0x9c0 E:/ClockAlarm/software/clock_alarm_bsp\libhal_bsp.a(alt_putstr.o)
 .debug_info    0x000000000000590d      0xa83 E:/ClockAlarm/software/clock_alarm_bsp\libhal_bsp.a(alt_sys_init.o)
 .debug_info    0x0000000000006390      0xaa8 E:/ClockAlarm/software/clock_alarm_bsp\libhal_bsp.a(altera_avalon_jtag_uart_write.o)
 .debug_info    0x0000000000006e38      0x94b E:/ClockAlarm/software/clock_alarm_bsp\libhal_bsp.a(altera_avalon_timer_vars.o)
 .debug_info    0x0000000000007783      0x931 E:/ClockAlarm/software/clock_alarm_bsp\libhal_bsp.a(alt_dcache_flush_all.o)
 .debug_info    0x00000000000080b4       0x22 E:/ClockAlarm/software/clock_alarm_bsp\libhal_bsp.a(alt_exception_entry.o)
 .debug_info    0x00000000000080d6      0x931 E:/ClockAlarm/software/clock_alarm_bsp\libhal_bsp.a(alt_icache_flush_all.o)
 .debug_info    0x0000000000008a07      0x20f E:/ClockAlarm/software/clock_alarm_bsp\libhal_bsp.a(alt_instruction_exception_entry.o)
 .debug_info    0x0000000000008c16      0x952 E:/ClockAlarm/software/clock_alarm_bsp\libhal_bsp.a(altera_nios2_gen2_irq.o)
 .debug_info    0x0000000000009568      0x649 e:/intelfpga_lite/19.1/nios2eds/bin/gnu/h-x86_64-mingw32/bin/../lib/gcc/nios2-elf/8.3.1/../../../../../H-x86_64-mingw32/nios2-elf/lib/mno-hw-mul\libsmallc.a(lib_a-strlen.o)

.debug_abbrev   0x0000000000000000     0x237e
 *(.debug_abbrev)
 .debug_abbrev  0x0000000000000000       0x12 E:/ClockAlarm/software/clock_alarm_bsp/obj/HAL/src/crt0.o
 .debug_abbrev  0x0000000000000012      0x33a obj/default/clock_alarm.o
 .debug_abbrev  0x000000000000034c      0x103 e:/intelfpga_lite/19.1/nios2eds/bin/gnu/h-x86_64-mingw32/bin/../lib/gcc/nios2-elf/8.3.1/mno-hw-mul\libgcc.a(lib2-divmod.o)
 .debug_abbrev  0x000000000000044f      0x328 E:/ClockAlarm/software/clock_alarm_bsp\libhal_bsp.a(alt_iic.o)
 .debug_abbrev  0x0000000000000777      0x303 E:/ClockAlarm/software/clock_alarm_bsp\libhal_bsp.a(alt_iic_isr_register.o)
 .debug_abbrev  0x0000000000000a7a       0x12 E:/ClockAlarm/software/clock_alarm_bsp\libhal_bsp.a(alt_irq_entry.o)
 .debug_abbrev  0x0000000000000a8c      0x28c E:/ClockAlarm/software/clock_alarm_bsp\libhal_bsp.a(alt_irq_handler.o)
 .debug_abbrev  0x0000000000000d18       0x44 E:/ClockAlarm/software/clock_alarm_bsp\libhal_bsp.a(alt_irq_vars.o)
 .debug_abbrev  0x0000000000000d5c      0x277 E:/ClockAlarm/software/clock_alarm_bsp\libhal_bsp.a(alt_load.o)
 .debug_abbrev  0x0000000000000fd3      0x252 E:/ClockAlarm/software/clock_alarm_bsp\libhal_bsp.a(alt_main.o)
 .debug_abbrev  0x0000000000001225      0x249 E:/ClockAlarm/software/clock_alarm_bsp\libhal_bsp.a(alt_putstr.o)
 .debug_abbrev  0x000000000000146e      0x279 E:/ClockAlarm/software/clock_alarm_bsp\libhal_bsp.a(alt_sys_init.o)
 .debug_abbrev  0x00000000000016e7      0x251 E:/ClockAlarm/software/clock_alarm_bsp\libhal_bsp.a(altera_avalon_jtag_uart_write.o)
 .debug_abbrev  0x0000000000001938      0x1d1 E:/ClockAlarm/software/clock_alarm_bsp\libhal_bsp.a(altera_avalon_timer_vars.o)
 .debug_abbrev  0x0000000000001b09      0x1e0 E:/ClockAlarm/software/clock_alarm_bsp\libhal_bsp.a(alt_dcache_flush_all.o)
 .debug_abbrev  0x0000000000001ce9       0x12 E:/ClockAlarm/software/clock_alarm_bsp\libhal_bsp.a(alt_exception_entry.o)
 .debug_abbrev  0x0000000000001cfb      0x1e0 E:/ClockAlarm/software/clock_alarm_bsp\libhal_bsp.a(alt_icache_flush_all.o)
 .debug_abbrev  0x0000000000001edb      0x116 E:/ClockAlarm/software/clock_alarm_bsp\libhal_bsp.a(alt_instruction_exception_entry.o)
 .debug_abbrev  0x0000000000001ff1      0x1e5 E:/ClockAlarm/software/clock_alarm_bsp\libhal_bsp.a(altera_nios2_gen2_irq.o)
 .debug_abbrev  0x00000000000021d6      0x1a8 e:/intelfpga_lite/19.1/nios2eds/bin/gnu/h-x86_64-mingw32/bin/../lib/gcc/nios2-elf/8.3.1/../../../../../H-x86_64-mingw32/nios2-elf/lib/mno-hw-mul\libsmallc.a(lib_a-strlen.o)

.debug_line     0x0000000000000000     0x23d7
 *(.debug_line)
 .debug_line    0x0000000000000000       0x66 E:/ClockAlarm/software/clock_alarm_bsp/obj/HAL/src/crt0.o
 .debug_line    0x0000000000000066      0x4c9 obj/default/clock_alarm.o
 .debug_line    0x000000000000052f      0x307 e:/intelfpga_lite/19.1/nios2eds/bin/gnu/h-x86_64-mingw32/bin/../lib/gcc/nios2-elf/8.3.1/mno-hw-mul\libgcc.a(lib2-divmod.o)
 .debug_line    0x0000000000000836      0x272 E:/ClockAlarm/software/clock_alarm_bsp\libhal_bsp.a(alt_iic.o)
 .debug_line    0x0000000000000aa8      0x22e E:/ClockAlarm/software/clock_alarm_bsp\libhal_bsp.a(alt_iic_isr_register.o)
 .debug_line    0x0000000000000cd6       0x6b E:/ClockAlarm/software/clock_alarm_bsp\libhal_bsp.a(alt_irq_entry.o)
 .debug_line    0x0000000000000d41      0x1f4 E:/ClockAlarm/software/clock_alarm_bsp\libhal_bsp.a(alt_irq_handler.o)
 .debug_line    0x0000000000000f35       0x50 E:/ClockAlarm/software/clock_alarm_bsp\libhal_bsp.a(alt_irq_vars.o)
 .debug_line    0x0000000000000f85      0x255 E:/ClockAlarm/software/clock_alarm_bsp\libhal_bsp.a(alt_load.o)
 .debug_line    0x00000000000011da      0x2f7 E:/ClockAlarm/software/clock_alarm_bsp\libhal_bsp.a(alt_main.o)
 .debug_line    0x00000000000014d1      0x190 E:/ClockAlarm/software/clock_alarm_bsp\libhal_bsp.a(alt_putstr.o)
 .debug_line    0x0000000000001661      0x215 E:/ClockAlarm/software/clock_alarm_bsp\libhal_bsp.a(alt_sys_init.o)
 .debug_line    0x0000000000001876      0x243 E:/ClockAlarm/software/clock_alarm_bsp\libhal_bsp.a(altera_avalon_jtag_uart_write.o)
 .debug_line    0x0000000000001ab9      0x15c E:/ClockAlarm/software/clock_alarm_bsp\libhal_bsp.a(altera_avalon_timer_vars.o)
 .debug_line    0x0000000000001c15      0x17f E:/ClockAlarm/software/clock_alarm_bsp\libhal_bsp.a(alt_dcache_flush_all.o)
 .debug_line    0x0000000000001d94       0xb3 E:/ClockAlarm/software/clock_alarm_bsp\libhal_bsp.a(alt_exception_entry.o)
 .debug_line    0x0000000000001e47      0x17d E:/ClockAlarm/software/clock_alarm_bsp\libhal_bsp.a(alt_icache_flush_all.o)
 .debug_line    0x0000000000001fc4       0xe3 E:/ClockAlarm/software/clock_alarm_bsp\libhal_bsp.a(alt_instruction_exception_entry.o)
 .debug_line    0x00000000000020a7      0x139 E:/ClockAlarm/software/clock_alarm_bsp\libhal_bsp.a(altera_nios2_gen2_irq.o)
 .debug_line    0x00000000000021e0      0x1f7 e:/intelfpga_lite/19.1/nios2eds/bin/gnu/h-x86_64-mingw32/bin/../lib/gcc/nios2-elf/8.3.1/../../../../../H-x86_64-mingw32/nios2-elf/lib/mno-hw-mul\libsmallc.a(lib_a-strlen.o)

.debug_frame    0x0000000000000000      0x3c0
 *(.debug_frame)
 .debug_frame   0x0000000000000000      0x11c obj/default/clock_alarm.o
 .debug_frame   0x000000000000011c       0x50 e:/intelfpga_lite/19.1/nios2eds/bin/gnu/h-x86_64-mingw32/bin/../lib/gcc/nios2-elf/8.3.1/mno-hw-mul\libgcc.a(lib2-divmod.o)
 .debug_frame   0x000000000000016c       0x50 E:/ClockAlarm/software/clock_alarm_bsp\libhal_bsp.a(alt_iic.o)
 .debug_frame   0x00000000000001bc       0x38 E:/ClockAlarm/software/clock_alarm_bsp\libhal_bsp.a(alt_iic_isr_register.o)
 .debug_frame   0x00000000000001f4       0x34 E:/ClockAlarm/software/clock_alarm_bsp\libhal_bsp.a(alt_irq_handler.o)
 .debug_frame   0x0000000000000228       0x30 E:/ClockAlarm/software/clock_alarm_bsp\libhal_bsp.a(alt_load.o)
 .debug_frame   0x0000000000000258       0x2c E:/ClockAlarm/software/clock_alarm_bsp\libhal_bsp.a(alt_main.o)
 .debug_frame   0x0000000000000284       0x30 E:/ClockAlarm/software/clock_alarm_bsp\libhal_bsp.a(alt_putstr.o)
 .debug_frame   0x00000000000002b4       0x3c E:/ClockAlarm/software/clock_alarm_bsp\libhal_bsp.a(alt_sys_init.o)
 .debug_frame   0x00000000000002f0       0x20 E:/ClockAlarm/software/clock_alarm_bsp\libhal_bsp.a(altera_avalon_jtag_uart_write.o)
 .debug_frame   0x0000000000000310       0x20 E:/ClockAlarm/software/clock_alarm_bsp\libhal_bsp.a(alt_dcache_flush_all.o)
 .debug_frame   0x0000000000000330       0x20 E:/ClockAlarm/software/clock_alarm_bsp\libhal_bsp.a(alt_icache_flush_all.o)
 .debug_frame   0x0000000000000350       0x30 E:/ClockAlarm/software/clock_alarm_bsp\libhal_bsp.a(alt_instruction_exception_entry.o)
 .debug_frame   0x0000000000000380       0x20 E:/ClockAlarm/software/clock_alarm_bsp\libhal_bsp.a(altera_nios2_gen2_irq.o)
 .debug_frame   0x00000000000003a0       0x20 e:/intelfpga_lite/19.1/nios2eds/bin/gnu/h-x86_64-mingw32/bin/../lib/gcc/nios2-elf/8.3.1/../../../../../H-x86_64-mingw32/nios2-elf/lib/mno-hw-mul\libsmallc.a(lib_a-strlen.o)

.debug_str      0x0000000000000000     0x15fa
 *(.debug_str)
 .debug_str     0x0000000000000000       0x45 E:/ClockAlarm/software/clock_alarm_bsp/obj/HAL/src/crt0.o
 .debug_str     0x0000000000000045      0x70e obj/default/clock_alarm.o
                                        0x7b1 (size before relaxing)
 .debug_str     0x0000000000000753      0x192 e:/intelfpga_lite/19.1/nios2eds/bin/gnu/h-x86_64-mingw32/bin/../lib/gcc/nios2-elf/8.3.1/mno-hw-mul\libgcc.a(lib2-divmod.o)
                                        0x1dd (size before relaxing)
 .debug_str     0x00000000000008e5       0xe6 E:/ClockAlarm/software/clock_alarm_bsp\libhal_bsp.a(alt_iic.o)
                                        0x624 (size before relaxing)
 .debug_str     0x00000000000009cb       0x37 E:/ClockAlarm/software/clock_alarm_bsp\libhal_bsp.a(alt_iic_isr_register.o)
                                        0x5f0 (size before relaxing)
 .debug_str     0x0000000000000a02       0x18 E:/ClockAlarm/software/clock_alarm_bsp\libhal_bsp.a(alt_irq_entry.o)
                                         0x4e (size before relaxing)
 .debug_str     0x0000000000000a1a       0x3a E:/ClockAlarm/software/clock_alarm_bsp\libhal_bsp.a(alt_irq_handler.o)
                                        0x57a (size before relaxing)
 .debug_str     0x0000000000000a54       0x29 E:/ClockAlarm/software/clock_alarm_bsp\libhal_bsp.a(alt_irq_vars.o)
                                        0x130 (size before relaxing)
 .debug_str     0x0000000000000a7d      0x11d E:/ClockAlarm/software/clock_alarm_bsp\libhal_bsp.a(alt_load.o)
                                        0x612 (size before relaxing)
 .debug_str     0x0000000000000b9a      0x24d E:/ClockAlarm/software/clock_alarm_bsp\libhal_bsp.a(alt_main.o)
                                        0x7cd (size before relaxing)
 .debug_str     0x0000000000000de7       0x5f E:/ClockAlarm/software/clock_alarm_bsp\libhal_bsp.a(alt_putstr.o)
                                        0x557 (size before relaxing)
 .debug_str     0x0000000000000e46       0xd7 E:/ClockAlarm/software/clock_alarm_bsp\libhal_bsp.a(alt_sys_init.o)
                                        0x64b (size before relaxing)
 .debug_str     0x0000000000000f1d       0x2c E:/ClockAlarm/software/clock_alarm_bsp\libhal_bsp.a(altera_avalon_jtag_uart_write.o)
                                        0x616 (size before relaxing)
 .debug_str     0x0000000000000f49       0x27 E:/ClockAlarm/software/clock_alarm_bsp\libhal_bsp.a(altera_avalon_timer_vars.o)
                                        0x554 (size before relaxing)
 .debug_str     0x0000000000000f70       0x1f E:/ClockAlarm/software/clock_alarm_bsp\libhal_bsp.a(alt_dcache_flush_all.o)
                                        0x52b (size before relaxing)
 .debug_str     0x0000000000000f8f       0x1e E:/ClockAlarm/software/clock_alarm_bsp\libhal_bsp.a(alt_exception_entry.o)
                                         0x54 (size before relaxing)
 .debug_str     0x0000000000000fad       0x1f E:/ClockAlarm/software/clock_alarm_bsp\libhal_bsp.a(alt_icache_flush_all.o)
                                        0x52b (size before relaxing)
 .debug_str     0x0000000000000fcc      0x48b E:/ClockAlarm/software/clock_alarm_bsp\libhal_bsp.a(alt_instruction_exception_entry.o)
                                        0x596 (size before relaxing)
 .debug_str     0x0000000000001457       0x20 E:/ClockAlarm/software/clock_alarm_bsp\libhal_bsp.a(altera_nios2_gen2_irq.o)
                                        0x53f (size before relaxing)
 .debug_str     0x0000000000001477      0x183 e:/intelfpga_lite/19.1/nios2eds/bin/gnu/h-x86_64-mingw32/bin/../lib/gcc/nios2-elf/8.3.1/../../../../../H-x86_64-mingw32/nios2-elf/lib/mno-hw-mul\libsmallc.a(lib_a-strlen.o)
                                        0x4d0 (size before relaxing)

.debug_loc      0x0000000000000000      0xe30
 *(.debug_loc)
 .debug_loc     0x0000000000000000      0x1b2 obj/default/clock_alarm.o
 .debug_loc     0x00000000000001b2      0x5f7 e:/intelfpga_lite/19.1/nios2eds/bin/gnu/h-x86_64-mingw32/bin/../lib/gcc/nios2-elf/8.3.1/mno-hw-mul\libgcc.a(lib2-divmod.o)
 .debug_loc     0x00000000000007a9      0x19b E:/ClockAlarm/software/clock_alarm_bsp\libhal_bsp.a(alt_iic.o)
 .debug_loc     0x0000000000000944      0x23c E:/ClockAlarm/software/clock_alarm_bsp\libhal_bsp.a(alt_iic_isr_register.o)
 .debug_loc     0x0000000000000b80       0xac E:/ClockAlarm/software/clock_alarm_bsp\libhal_bsp.a(alt_irq_handler.o)
 .debug_loc     0x0000000000000c2c       0x66 E:/ClockAlarm/software/clock_alarm_bsp\libhal_bsp.a(alt_load.o)
 .debug_loc     0x0000000000000c92       0x3f E:/ClockAlarm/software/clock_alarm_bsp\libhal_bsp.a(alt_putstr.o)
 .debug_loc     0x0000000000000cd1       0x25 E:/ClockAlarm/software/clock_alarm_bsp\libhal_bsp.a(alt_sys_init.o)
 .debug_loc     0x0000000000000cf6       0x93 E:/ClockAlarm/software/clock_alarm_bsp\libhal_bsp.a(altera_avalon_jtag_uart_write.o)
 .debug_loc     0x0000000000000d89       0x63 E:/ClockAlarm/software/clock_alarm_bsp\libhal_bsp.a(alt_instruction_exception_entry.o)
 .debug_loc     0x0000000000000dec       0x44 e:/intelfpga_lite/19.1/nios2eds/bin/gnu/h-x86_64-mingw32/bin/../lib/gcc/nios2-elf/8.3.1/../../../../../H-x86_64-mingw32/nios2-elf/lib/mno-hw-mul\libsmallc.a(lib_a-strlen.o)

.debug_macinfo
 *(.debug_macinfo)

.debug_weaknames
 *(.debug_weaknames)

.debug_funcnames
 *(.debug_funcnames)

.debug_typenames
 *(.debug_typenames)

.debug_varnames
 *(.debug_varnames)

.debug_alt_sim_info
                0x0000000000000000       0x10
 *(.debug_alt_sim_info)
 .debug_alt_sim_info
                0x0000000000000000       0x10 E:/ClockAlarm/software/clock_alarm_bsp/obj/HAL/src/crt0.o
                0x0000000000001000                __alt_data_end = 0x1000
                0x0000000000001000                PROVIDE (__alt_stack_pointer = __alt_data_end)
                [!provide]                        PROVIDE (__alt_stack_limit = __alt_stack_base)
                [!provide]                        PROVIDE (__alt_heap_start = end)
                [!provide]                        PROVIDE (__alt_heap_limit = 0x1000)
OUTPUT(clock_alarm.elf elf32-littlenios2)

.debug_ranges   0x0000000000000000      0x208
 .debug_ranges  0x0000000000000000       0x20 E:/ClockAlarm/software/clock_alarm_bsp/obj/HAL/src/crt0.o
 .debug_ranges  0x0000000000000020       0x18 obj/default/clock_alarm.o
 .debug_ranges  0x0000000000000038       0x70 e:/intelfpga_lite/19.1/nios2eds/bin/gnu/h-x86_64-mingw32/bin/../lib/gcc/nios2-elf/8.3.1/mno-hw-mul\libgcc.a(lib2-divmod.o)
 .debug_ranges  0x00000000000000a8       0x18 E:/ClockAlarm/software/clock_alarm_bsp\libhal_bsp.a(alt_iic_isr_register.o)
 .debug_ranges  0x00000000000000c0       0x28 E:/ClockAlarm/software/clock_alarm_bsp\libhal_bsp.a(alt_irq_entry.o)
 .debug_ranges  0x00000000000000e8       0x28 E:/ClockAlarm/software/clock_alarm_bsp\libhal_bsp.a(alt_irq_handler.o)
 .debug_ranges  0x0000000000000110       0xa0 E:/ClockAlarm/software/clock_alarm_bsp\libhal_bsp.a(alt_load.o)
 .debug_ranges  0x00000000000001b0       0x30 E:/ClockAlarm/software/clock_alarm_bsp\libhal_bsp.a(alt_exception_entry.o)
 .debug_ranges  0x00000000000001e0       0x18 E:/ClockAlarm/software/clock_alarm_bsp\libhal_bsp.a(alt_instruction_exception_entry.o)
 .debug_ranges  0x00000000000001f8       0x10 e:/intelfpga_lite/19.1/nios2eds/bin/gnu/h-x86_64-mingw32/bin/../lib/gcc/nios2-elf/8.3.1/../../../../../H-x86_64-mingw32/nios2-elf/lib/mno-hw-mul\libsmallc.a(lib_a-strlen.o)
