Archive member included to satisfy reference by file (symbol)

E:/Quartus/software/clock_alarm_bsp\libhal_bsp.a(alt_load.o)
                              E:/Quartus/software/clock_alarm_bsp/obj/HAL/src/crt0.o (alt_load)
E:/Quartus/software/clock_alarm_bsp\libhal_bsp.a(alt_main.o)
                              E:/Quartus/software/clock_alarm_bsp/obj/HAL/src/crt0.o (alt_main)
E:/Quartus/software/clock_alarm_bsp\libhal_bsp.a(alt_putstr.o)
                              obj/default/hello_world_small.o (alt_putstr)
E:/Quartus/software/clock_alarm_bsp\libhal_bsp.a(alt_sys_init.o)
                              E:/Quartus/software/clock_alarm_bsp\libhal_bsp.a(alt_main.o) (alt_irq_init)
E:/Quartus/software/clock_alarm_bsp\libhal_bsp.a(altera_avalon_jtag_uart_write.o)
                              E:/Quartus/software/clock_alarm_bsp\libhal_bsp.a(alt_putstr.o) (altera_avalon_jtag_uart_write)
E:/Quartus/software/clock_alarm_bsp\libhal_bsp.a(alt_dcache_flush_all.o)
                              E:/Quartus/software/clock_alarm_bsp\libhal_bsp.a(alt_load.o) (alt_dcache_flush_all)
E:/Quartus/software/clock_alarm_bsp\libhal_bsp.a(alt_icache_flush_all.o)
                              E:/Quartus/software/clock_alarm_bsp\libhal_bsp.a(alt_load.o) (alt_icache_flush_all)
E:/Quartus/software/clock_alarm_bsp\libhal_bsp.a(altera_nios2_gen2_irq.o)
                              E:/Quartus/software/clock_alarm_bsp\libhal_bsp.a(alt_sys_init.o) (altera_nios2_gen2_irq_init)
e:/intelfpga_lite/19.1/nios2eds/bin/gnu/h-x86_64-mingw32/bin/../lib/gcc/nios2-elf/8.3.1/../../../../../H-x86_64-mingw32/nios2-elf/lib/mno-hw-mul\libsmallc.a(lib_a-strlen.o)
                              E:/Quartus/software/clock_alarm_bsp\libhal_bsp.a(alt_putstr.o) (strlen)

Memory Configuration

Name             Origin             Length             Attributes
reset            0x0000000000000000 0x0000000000000020
RAM              0x0000000000000020 0x0000000000000fe0
*default*        0x0000000000000000 0xffffffffffffffff

Linker script and memory map

LOAD E:/Quartus/software/clock_alarm_bsp/obj/HAL/src/crt0.o
LOAD obj/default/hello_world_small.o
LOAD e:/intelfpga_lite/19.1/nios2eds/bin/gnu/h-x86_64-mingw32/bin/../lib/gcc/nios2-elf/8.3.1/../../../../../H-x86_64-mingw32/nios2-elf/lib/mno-hw-mul\libstdc++.a
LOAD e:/intelfpga_lite/19.1/nios2eds/bin/gnu/h-x86_64-mingw32/bin/../lib/gcc/nios2-elf/8.3.1/../../../../../H-x86_64-mingw32/nios2-elf/lib/mno-hw-mul\libm.a
LOAD e:/intelfpga_lite/19.1/nios2eds/bin/gnu/h-x86_64-mingw32/bin/../lib/gcc/nios2-elf/8.3.1/mno-hw-mul\libgcc.a
START GROUP
LOAD e:/intelfpga_lite/19.1/nios2eds/bin/gnu/h-x86_64-mingw32/bin/../lib/gcc/nios2-elf/8.3.1/../../../../../H-x86_64-mingw32/nios2-elf/lib/mno-hw-mul\libsmallc.a
LOAD e:/intelfpga_lite/19.1/nios2eds/bin/gnu/h-x86_64-mingw32/bin/../lib/gcc/nios2-elf/8.3.1/mno-hw-mul\libgcc.a
LOAD E:/Quartus/software/clock_alarm_bsp\libhal_bsp.a
LOAD e:/intelfpga_lite/19.1/nios2eds/bin/gnu/h-x86_64-mingw32/bin/../lib/gcc/nios2-elf/8.3.1/../../../../../H-x86_64-mingw32/nios2-elf/lib/mno-hw-mul\libm.a
END GROUP
LOAD e:/intelfpga_lite/19.1/nios2eds/bin/gnu/h-x86_64-mingw32/bin/../lib/gcc/nios2-elf/8.3.1/mno-hw-mul\libgcc.a
                0x0000000000000000                __alt_mem_RAM = 0x0

.entry          0x0000000000000000       0x20
 *(.entry)
 .entry         0x0000000000000000       0x20 E:/Quartus/software/clock_alarm_bsp/obj/HAL/src/crt0.o
                0x0000000000000000                __reset
                0x000000000000000c                _exit

.exceptions     0x0000000000000020        0x0
                0x0000000000000020                PROVIDE (__ram_exceptions_start = ABSOLUTE (.))
                0x0000000000000020                . = ALIGN (0x20)
 *(.irq)
 *(.exceptions.entry.label)
 *(.exceptions.entry.user)
 *(.exceptions.entry.ecc_fatal)
 *(.exceptions.entry)
 *(.exceptions.irqtest.user)
 *(.exceptions.irqtest)
 *(.exceptions.irqhandler.user)
 *(.exceptions.irqhandler)
 *(.exceptions.irqreturn.user)
 *(.exceptions.irqreturn)
 *(.exceptions.notirq.label)
 *(.exceptions.notirq.user)
 *(.exceptions.notirq)
 *(.exceptions.soft.user)
 *(.exceptions.soft)
 *(.exceptions.unknown.user)
 *(.exceptions.unknown)
 *(.exceptions.exit.label)
 *(.exceptions.exit.user)
 *(.exceptions.exit)
 *(.exceptions)
                0x0000000000000020                PROVIDE (__ram_exceptions_end = ABSOLUTE (.))
                0x0000000000000020                PROVIDE (__flash_exceptions_start = LOADADDR (.exceptions))

.text           0x0000000000000020      0x1fc
                [!provide]                        PROVIDE (stext = ABSOLUTE (.))
 *(.interp)
 *(.hash)
 *(.dynsym)
 *(.dynstr)
 *(.gnu.version)
 *(.gnu.version_d)
 *(.gnu.version_r)
 *(.rel.init)
 *(.rela.init)
 *(.rel.text .rel.text.* .rel.gnu.linkonce.t.*)
 *(.rela.text .rela.text.* .rela.gnu.linkonce.t.*)
 *(.rel.fini)
 *(.rela.fini)
 *(.rel.rodata .rel.rodata.* .rel.gnu.linkonce.r.*)
 *(.rela.rodata .rela.rodata.* .rela.gnu.linkonce.r.*)
 *(.rel.data .rel.data.* .rel.gnu.linkonce.d.*)
 *(.rela.data .rela.data.* .rela.gnu.linkonce.d.*)
 *(.rel.tdata .rel.tdata.* .rel.gnu.linkonce.td.*)
 *(.rela.tdata .rela.tdata.* .rela.gnu.linkonce.td.*)
 *(.rel.tbss .rel.tbss.* .rel.gnu.linkonce.tb.*)
 *(.rela.tbss .rela.tbss.* .rela.gnu.linkonce.tb.*)
 *(.rel.ctors)
 *(.rela.ctors)
 *(.rel.dtors)
 *(.rela.dtors)
 *(.rel.got)
 *(.rela.got)
 *(.rel.sdata .rel.sdata.* .rel.gnu.linkonce.s.*)
 *(.rela.sdata .rela.sdata.* .rela.gnu.linkonce.s.*)
 *(.rel.sbss .rel.sbss.* .rel.gnu.linkonce.sb.*)
 *(.rela.sbss .rela.sbss.* .rela.gnu.linkonce.sb.*)
 *(.rel.sdata2 .rel.sdata2.* .rel.gnu.linkonce.s2.*)
 *(.rela.sdata2 .rela.sdata2.* .rela.gnu.linkonce.s2.*)
 *(.rel.sbss2 .rel.sbss2.* .rel.gnu.linkonce.sb2.*)
 *(.rela.sbss2 .rela.sbss2.* .rela.gnu.linkonce.sb2.*)
 *(.rel.bss .rel.bss.* .rel.gnu.linkonce.b.*)
 *(.rela.bss .rela.bss.* .rela.gnu.linkonce.b.*)
 *(.rel.plt)
 *(.rela.plt)
 *(.rel.dyn)
 *(.init)
 *(.plt)
 *(.text .stub .text.* .gnu.linkonce.t.*)
 .text          0x0000000000000020       0x3c E:/Quartus/software/clock_alarm_bsp/obj/HAL/src/crt0.o
                0x0000000000000020                _start
 .text          0x000000000000005c        0x0 obj/default/hello_world_small.o
 .text.startup  0x000000000000005c       0x28 obj/default/hello_world_small.o
                0x000000000000005c                main
 .text          0x0000000000000084       0xb4 E:/Quartus/software/clock_alarm_bsp\libhal_bsp.a(alt_load.o)
                0x0000000000000084                alt_load
 .text          0x0000000000000138       0x2c E:/Quartus/software/clock_alarm_bsp\libhal_bsp.a(alt_main.o)
                0x0000000000000138                alt_main
 .text          0x0000000000000164       0x38 E:/Quartus/software/clock_alarm_bsp\libhal_bsp.a(alt_putstr.o)
                0x0000000000000164                alt_putstr
 .text          0x000000000000019c       0x24 E:/Quartus/software/clock_alarm_bsp\libhal_bsp.a(alt_sys_init.o)
                0x000000000000019c                alt_irq_init
                0x00000000000001bc                alt_sys_init
 .text          0x00000000000001c0       0x30 E:/Quartus/software/clock_alarm_bsp\libhal_bsp.a(altera_avalon_jtag_uart_write.o)
                0x00000000000001c0                altera_avalon_jtag_uart_write
 .text          0x00000000000001f0        0x4 E:/Quartus/software/clock_alarm_bsp\libhal_bsp.a(alt_dcache_flush_all.o)
                0x00000000000001f0                alt_dcache_flush_all
 .text          0x00000000000001f4        0x4 E:/Quartus/software/clock_alarm_bsp\libhal_bsp.a(alt_icache_flush_all.o)
                0x00000000000001f4                alt_icache_flush_all
 .text          0x00000000000001f8        0x8 E:/Quartus/software/clock_alarm_bsp\libhal_bsp.a(altera_nios2_gen2_irq.o)
                0x00000000000001f8                altera_nios2_gen2_irq_init
 .text          0x0000000000000200        0x0 e:/intelfpga_lite/19.1/nios2eds/bin/gnu/h-x86_64-mingw32/bin/../lib/gcc/nios2-elf/8.3.1/../../../../../H-x86_64-mingw32/nios2-elf/lib/mno-hw-mul\libsmallc.a(lib_a-strlen.o)
 .text.strlen   0x0000000000000200       0x1c e:/intelfpga_lite/19.1/nios2eds/bin/gnu/h-x86_64-mingw32/bin/../lib/gcc/nios2-elf/8.3.1/../../../../../H-x86_64-mingw32/nios2-elf/lib/mno-hw-mul\libsmallc.a(lib_a-strlen.o)
                0x0000000000000200                strlen
 *(.gnu.warning.*)
 *(.fini)
                [!provide]                        PROVIDE (__etext = ABSOLUTE (.))
                [!provide]                        PROVIDE (_etext = ABSOLUTE (.))
                [!provide]                        PROVIDE (etext = ABSOLUTE (.))
 *(.eh_frame_hdr)
                0x000000000000021c                . = ALIGN (0x4)
                [!provide]                        PROVIDE (__preinit_array_start = ABSOLUTE (.))
 *(.preinit_array)
                [!provide]                        PROVIDE (__preinit_array_end = ABSOLUTE (.))
                [!provide]                        PROVIDE (__init_array_start = ABSOLUTE (.))
 *(.init_array)
                [!provide]                        PROVIDE (__init_array_end = ABSOLUTE (.))
                [!provide]                        PROVIDE (__fini_array_start = ABSOLUTE (.))
 *(.fini_array)
                [!provide]                        PROVIDE (__fini_array_end = ABSOLUTE (.))
 *(.eh_frame)
 *(.gcc_except_table .gcc_except_table.*)
 *(.dynamic)
                [!provide]                        PROVIDE (__CTOR_LIST__ = ABSOLUTE (.))
 *(.ctors)
 *(SORT_BY_NAME(.ctors.*))
                [!provide]                        PROVIDE (__CTOR_END__ = ABSOLUTE (.))
                [!provide]                        PROVIDE (__DTOR_LIST__ = ABSOLUTE (.))
 *(.dtors)
 *(SORT_BY_NAME(.dtors.*))
                [!provide]                        PROVIDE (__DTOR_END__ = ABSOLUTE (.))
 *(.jcr)
                0x000000000000021c                . = ALIGN (0x4)

.rodata         0x000000000000021c       0x18
                0x000000000000021c                PROVIDE (__ram_rodata_start = ABSOLUTE (.))
                0x000000000000021c                . = ALIGN (0x4)
 *(.rodata .rodata.* .gnu.linkonce.r.*)
 .rodata.str1.4
                0x000000000000021c       0x18 obj/default/hello_world_small.o
                                         0x15 (size before relaxing)
 *(.rodata1)
                0x0000000000000234                . = ALIGN (0x4)
                0x0000000000000234                PROVIDE (__ram_rodata_end = ABSOLUTE (.))
                0x000000000000021c                PROVIDE (__flash_rodata_start = LOADADDR (.rodata))

.rwdata         0x0000000000000234        0x4 load address 0x0000000000000238
                0x0000000000000234                PROVIDE (__ram_rwdata_start = ABSOLUTE (.))
                0x0000000000000234                . = ALIGN (0x4)
 *(.got.plt)
 *(.got)
 *(.data1)
 *(.data .data.* .gnu.linkonce.d.*)
 .data          0x0000000000000234        0x0 E:/Quartus/software/clock_alarm_bsp/obj/HAL/src/crt0.o
 .data          0x0000000000000234        0x0 obj/default/hello_world_small.o
 .data          0x0000000000000234        0x0 E:/Quartus/software/clock_alarm_bsp\libhal_bsp.a(alt_load.o)
 .data          0x0000000000000234        0x0 E:/Quartus/software/clock_alarm_bsp\libhal_bsp.a(alt_main.o)
 .data          0x0000000000000234        0x0 E:/Quartus/software/clock_alarm_bsp\libhal_bsp.a(alt_putstr.o)
 .data          0x0000000000000234        0x0 E:/Quartus/software/clock_alarm_bsp\libhal_bsp.a(alt_sys_init.o)
 .data          0x0000000000000234        0x0 E:/Quartus/software/clock_alarm_bsp\libhal_bsp.a(altera_avalon_jtag_uart_write.o)
 .data          0x0000000000000234        0x0 E:/Quartus/software/clock_alarm_bsp\libhal_bsp.a(alt_dcache_flush_all.o)
 .data          0x0000000000000234        0x0 E:/Quartus/software/clock_alarm_bsp\libhal_bsp.a(alt_icache_flush_all.o)
 .data          0x0000000000000234        0x0 E:/Quartus/software/clock_alarm_bsp\libhal_bsp.a(altera_nios2_gen2_irq.o)
 .data          0x0000000000000234        0x0 e:/intelfpga_lite/19.1/nios2eds/bin/gnu/h-x86_64-mingw32/bin/../lib/gcc/nios2-elf/8.3.1/../../../../../H-x86_64-mingw32/nios2-elf/lib/mno-hw-mul\libsmallc.a(lib_a-strlen.o)
                0x0000000000008234                _gp = ABSOLUTE ((. + 0x8000))
                [!provide]                        PROVIDE (gp = _gp)
 *(.rwdata .rwdata.*)
 *(.sdata .sdata.* .gnu.linkonce.s.*)
 .sdata         0x0000000000000234        0x4 E:/Quartus/software/clock_alarm_bsp\libhal_bsp.a(alt_sys_init.o)
                0x0000000000000234                JTAG
 *(.sdata2 .sdata2.* .gnu.linkonce.s2.*)
                0x0000000000000238                . = ALIGN (0x4)
                0x0000000000000238                _edata = ABSOLUTE (.)
                [!provide]                        PROVIDE (edata = ABSOLUTE (.))
                0x0000000000000238                PROVIDE (__ram_rwdata_end = ABSOLUTE (.))
                0x0000000000000238                PROVIDE (__flash_rwdata_start = LOADADDR (.rwdata))

.bss            0x000000000000023c        0xc
                0x000000000000023c                __bss_start = ABSOLUTE (.)
                [!provide]                        PROVIDE (__sbss_start = ABSOLUTE (.))
                [!provide]                        PROVIDE (___sbss_start = ABSOLUTE (.))
 *(.dynsbss)
 *(.sbss .sbss.* .gnu.linkonce.sb.*)
 .sbss          0x000000000000023c        0xc E:/Quartus/software/clock_alarm_bsp\libhal_bsp.a(alt_main.o)
                0x000000000000023c                alt_envp
                0x0000000000000240                alt_argv
                0x0000000000000244                alt_argc
 *(.sbss2 .sbss2.* .gnu.linkonce.sb2.*)
 *(.scommon)
                [!provide]                        PROVIDE (__sbss_end = ABSOLUTE (.))
                [!provide]                        PROVIDE (___sbss_end = ABSOLUTE (.))
 *(.dynbss)
 *(.bss .bss.* .gnu.linkonce.b.*)
 .bss           0x0000000000000248        0x0 E:/Quartus/software/clock_alarm_bsp/obj/HAL/src/crt0.o
 .bss           0x0000000000000248        0x0 obj/default/hello_world_small.o
 .bss           0x0000000000000248        0x0 E:/Quartus/software/clock_alarm_bsp\libhal_bsp.a(alt_load.o)
 .bss           0x0000000000000248        0x0 E:/Quartus/software/clock_alarm_bsp\libhal_bsp.a(alt_main.o)
 .bss           0x0000000000000248        0x0 E:/Quartus/software/clock_alarm_bsp\libhal_bsp.a(alt_putstr.o)
 .bss           0x0000000000000248        0x0 E:/Quartus/software/clock_alarm_bsp\libhal_bsp.a(alt_sys_init.o)
 .bss           0x0000000000000248        0x0 E:/Quartus/software/clock_alarm_bsp\libhal_bsp.a(altera_avalon_jtag_uart_write.o)
 .bss           0x0000000000000248        0x0 E:/Quartus/software/clock_alarm_bsp\libhal_bsp.a(alt_dcache_flush_all.o)
 .bss           0x0000000000000248        0x0 E:/Quartus/software/clock_alarm_bsp\libhal_bsp.a(alt_icache_flush_all.o)
 .bss           0x0000000000000248        0x0 E:/Quartus/software/clock_alarm_bsp\libhal_bsp.a(altera_nios2_gen2_irq.o)
 .bss           0x0000000000000248        0x0 e:/intelfpga_lite/19.1/nios2eds/bin/gnu/h-x86_64-mingw32/bin/../lib/gcc/nios2-elf/8.3.1/../../../../../H-x86_64-mingw32/nios2-elf/lib/mno-hw-mul\libsmallc.a(lib_a-strlen.o)
 *(COMMON)
                0x0000000000000248                . = ALIGN (0x4)
                0x0000000000000248                __bss_end = ABSOLUTE (.)

.RAM            0x0000000000000248        0x0
                [!provide]                        PROVIDE (_alt_partition_RAM_start = ABSOLUTE (.))
 *(.RAM .RAM. RAM.*)
                0x0000000000000248                . = ALIGN (0x4)
                [!provide]                        PROVIDE (_alt_partition_RAM_end = ABSOLUTE (.))
                0x0000000000000248                _end = ABSOLUTE (.)
                0x0000000000000248                end = ABSOLUTE (.)
                0x0000000000000248                __alt_stack_base = ABSOLUTE (.)
                [!provide]                        PROVIDE (_alt_partition_RAM_load_addr = LOADADDR (.RAM))

.stab
 *(.stab)

.stabstr
 *(.stabstr)

.stab.excl
 *(.stab.excl)

.stab.exclstr
 *(.stab.exclstr)

.stab.index
 *(.stab.index)

.stab.indexstr
 *(.stab.indexstr)

.comment        0x0000000000000000       0x2c
 *(.comment)
 .comment       0x0000000000000000       0x2c obj/default/hello_world_small.o
                                         0x2d (size before relaxing)
 .comment       0x000000000000002c       0x2d E:/Quartus/software/clock_alarm_bsp\libhal_bsp.a(alt_load.o)
 .comment       0x000000000000002c       0x2d E:/Quartus/software/clock_alarm_bsp\libhal_bsp.a(alt_main.o)
 .comment       0x000000000000002c       0x2d E:/Quartus/software/clock_alarm_bsp\libhal_bsp.a(alt_putstr.o)
 .comment       0x000000000000002c       0x2d E:/Quartus/software/clock_alarm_bsp\libhal_bsp.a(alt_sys_init.o)
 .comment       0x000000000000002c       0x2d E:/Quartus/software/clock_alarm_bsp\libhal_bsp.a(altera_avalon_jtag_uart_write.o)
 .comment       0x000000000000002c       0x2d E:/Quartus/software/clock_alarm_bsp\libhal_bsp.a(alt_dcache_flush_all.o)
 .comment       0x000000000000002c       0x2d E:/Quartus/software/clock_alarm_bsp\libhal_bsp.a(alt_icache_flush_all.o)
 .comment       0x000000000000002c       0x2d E:/Quartus/software/clock_alarm_bsp\libhal_bsp.a(altera_nios2_gen2_irq.o)
 .comment       0x000000000000002c       0x2d e:/intelfpga_lite/19.1/nios2eds/bin/gnu/h-x86_64-mingw32/bin/../lib/gcc/nios2-elf/8.3.1/../../../../../H-x86_64-mingw32/nios2-elf/lib/mno-hw-mul\libsmallc.a(lib_a-strlen.o)

.debug
 *(.debug)

.line
 *(.line)

.debug_srcinfo
 *(.debug_srcinfo)

.debug_sfnames
 *(.debug_sfnames)

.debug_aranges  0x0000000000000000      0x168
 *(.debug_aranges)
 .debug_aranges
                0x0000000000000000       0x28 E:/Quartus/software/clock_alarm_bsp/obj/HAL/src/crt0.o
 .debug_aranges
                0x0000000000000028       0x20 obj/default/hello_world_small.o
 .debug_aranges
                0x0000000000000048       0x20 E:/Quartus/software/clock_alarm_bsp\libhal_bsp.a(alt_load.o)
 .debug_aranges
                0x0000000000000068       0x20 E:/Quartus/software/clock_alarm_bsp\libhal_bsp.a(alt_main.o)
 .debug_aranges
                0x0000000000000088       0x20 E:/Quartus/software/clock_alarm_bsp\libhal_bsp.a(alt_putstr.o)
 .debug_aranges
                0x00000000000000a8       0x20 E:/Quartus/software/clock_alarm_bsp\libhal_bsp.a(alt_sys_init.o)
 .debug_aranges
                0x00000000000000c8       0x20 E:/Quartus/software/clock_alarm_bsp\libhal_bsp.a(altera_avalon_jtag_uart_write.o)
 .debug_aranges
                0x00000000000000e8       0x20 E:/Quartus/software/clock_alarm_bsp\libhal_bsp.a(alt_dcache_flush_all.o)
 .debug_aranges
                0x0000000000000108       0x20 E:/Quartus/software/clock_alarm_bsp\libhal_bsp.a(alt_icache_flush_all.o)
 .debug_aranges
                0x0000000000000128       0x20 E:/Quartus/software/clock_alarm_bsp\libhal_bsp.a(altera_nios2_gen2_irq.o)
 .debug_aranges
                0x0000000000000148       0x20 e:/intelfpga_lite/19.1/nios2eds/bin/gnu/h-x86_64-mingw32/bin/../lib/gcc/nios2-elf/8.3.1/../../../../../H-x86_64-mingw32/nios2-elf/lib/mno-hw-mul\libsmallc.a(lib_a-strlen.o)

.debug_pubnames
 *(.debug_pubnames)

.debug_info     0x0000000000000000     0x640f
 *(.debug_info .gnu.linkonce.wi.*)
 .debug_info    0x0000000000000000       0x22 E:/Quartus/software/clock_alarm_bsp/obj/HAL/src/crt0.o
 .debug_info    0x0000000000000022      0x993 obj/default/hello_world_small.o
 .debug_info    0x00000000000009b5      0xaea E:/Quartus/software/clock_alarm_bsp\libhal_bsp.a(alt_load.o)
 .debug_info    0x000000000000149f      0xeac E:/Quartus/software/clock_alarm_bsp\libhal_bsp.a(alt_main.o)
 .debug_info    0x000000000000234b      0x9c0 E:/Quartus/software/clock_alarm_bsp\libhal_bsp.a(alt_putstr.o)
 .debug_info    0x0000000000002d0b      0xa5f E:/Quartus/software/clock_alarm_bsp\libhal_bsp.a(alt_sys_init.o)
 .debug_info    0x000000000000376a      0xaa8 E:/Quartus/software/clock_alarm_bsp\libhal_bsp.a(altera_avalon_jtag_uart_write.o)
 .debug_info    0x0000000000004212      0x931 E:/Quartus/software/clock_alarm_bsp\libhal_bsp.a(alt_dcache_flush_all.o)
 .debug_info    0x0000000000004b43      0x931 E:/Quartus/software/clock_alarm_bsp\libhal_bsp.a(alt_icache_flush_all.o)
 .debug_info    0x0000000000005474      0x952 E:/Quartus/software/clock_alarm_bsp\libhal_bsp.a(altera_nios2_gen2_irq.o)
 .debug_info    0x0000000000005dc6      0x649 e:/intelfpga_lite/19.1/nios2eds/bin/gnu/h-x86_64-mingw32/bin/../lib/gcc/nios2-elf/8.3.1/../../../../../H-x86_64-mingw32/nios2-elf/lib/mno-hw-mul\libsmallc.a(lib_a-strlen.o)

.debug_abbrev   0x0000000000000000     0x1564
 *(.debug_abbrev)
 .debug_abbrev  0x0000000000000000       0x12 E:/Quartus/software/clock_alarm_bsp/obj/HAL/src/crt0.o
 .debug_abbrev  0x0000000000000012      0x229 obj/default/hello_world_small.o
 .debug_abbrev  0x000000000000023b      0x277 E:/Quartus/software/clock_alarm_bsp\libhal_bsp.a(alt_load.o)
 .debug_abbrev  0x00000000000004b2      0x252 E:/Quartus/software/clock_alarm_bsp\libhal_bsp.a(alt_main.o)
 .debug_abbrev  0x0000000000000704      0x249 E:/Quartus/software/clock_alarm_bsp\libhal_bsp.a(alt_putstr.o)
 .debug_abbrev  0x000000000000094d      0x279 E:/Quartus/software/clock_alarm_bsp\libhal_bsp.a(alt_sys_init.o)
 .debug_abbrev  0x0000000000000bc6      0x251 E:/Quartus/software/clock_alarm_bsp\libhal_bsp.a(altera_avalon_jtag_uart_write.o)
 .debug_abbrev  0x0000000000000e17      0x1e0 E:/Quartus/software/clock_alarm_bsp\libhal_bsp.a(alt_dcache_flush_all.o)
 .debug_abbrev  0x0000000000000ff7      0x1e0 E:/Quartus/software/clock_alarm_bsp\libhal_bsp.a(alt_icache_flush_all.o)
 .debug_abbrev  0x00000000000011d7      0x1e5 E:/Quartus/software/clock_alarm_bsp\libhal_bsp.a(altera_nios2_gen2_irq.o)
 .debug_abbrev  0x00000000000013bc      0x1a8 e:/intelfpga_lite/19.1/nios2eds/bin/gnu/h-x86_64-mingw32/bin/../lib/gcc/nios2-elf/8.3.1/../../../../../H-x86_64-mingw32/nios2-elf/lib/mno-hw-mul\libsmallc.a(lib_a-strlen.o)

.debug_line     0x0000000000000000     0x1344
 *(.debug_line)
 .debug_line    0x0000000000000000       0x66 E:/Quartus/software/clock_alarm_bsp/obj/HAL/src/crt0.o
 .debug_line    0x0000000000000066      0x1a1 obj/default/hello_world_small.o
 .debug_line    0x0000000000000207      0x255 E:/Quartus/software/clock_alarm_bsp\libhal_bsp.a(alt_load.o)
 .debug_line    0x000000000000045c      0x2f7 E:/Quartus/software/clock_alarm_bsp\libhal_bsp.a(alt_main.o)
 .debug_line    0x0000000000000753      0x190 E:/Quartus/software/clock_alarm_bsp\libhal_bsp.a(alt_putstr.o)
 .debug_line    0x00000000000008e3      0x1f2 E:/Quartus/software/clock_alarm_bsp\libhal_bsp.a(alt_sys_init.o)
 .debug_line    0x0000000000000ad5      0x243 E:/Quartus/software/clock_alarm_bsp\libhal_bsp.a(altera_avalon_jtag_uart_write.o)
 .debug_line    0x0000000000000d18      0x17f E:/Quartus/software/clock_alarm_bsp\libhal_bsp.a(alt_dcache_flush_all.o)
 .debug_line    0x0000000000000e97      0x17d E:/Quartus/software/clock_alarm_bsp\libhal_bsp.a(alt_icache_flush_all.o)
 .debug_line    0x0000000000001014      0x139 E:/Quartus/software/clock_alarm_bsp\libhal_bsp.a(altera_nios2_gen2_irq.o)
 .debug_line    0x000000000000114d      0x1f7 e:/intelfpga_lite/19.1/nios2eds/bin/gnu/h-x86_64-mingw32/bin/../lib/gcc/nios2-elf/8.3.1/../../../../../H-x86_64-mingw32/nios2-elf/lib/mno-hw-mul\libsmallc.a(lib_a-strlen.o)

.debug_frame    0x0000000000000000      0x190
 *(.debug_frame)
 .debug_frame   0x0000000000000000       0x28 obj/default/hello_world_small.o
 .debug_frame   0x0000000000000028       0x30 E:/Quartus/software/clock_alarm_bsp\libhal_bsp.a(alt_load.o)
 .debug_frame   0x0000000000000058       0x2c E:/Quartus/software/clock_alarm_bsp\libhal_bsp.a(alt_main.o)
 .debug_frame   0x0000000000000084       0x30 E:/Quartus/software/clock_alarm_bsp\libhal_bsp.a(alt_putstr.o)
 .debug_frame   0x00000000000000b4       0x3c E:/Quartus/software/clock_alarm_bsp\libhal_bsp.a(alt_sys_init.o)
 .debug_frame   0x00000000000000f0       0x20 E:/Quartus/software/clock_alarm_bsp\libhal_bsp.a(altera_avalon_jtag_uart_write.o)
 .debug_frame   0x0000000000000110       0x20 E:/Quartus/software/clock_alarm_bsp\libhal_bsp.a(alt_dcache_flush_all.o)
 .debug_frame   0x0000000000000130       0x20 E:/Quartus/software/clock_alarm_bsp\libhal_bsp.a(alt_icache_flush_all.o)
 .debug_frame   0x0000000000000150       0x20 E:/Quartus/software/clock_alarm_bsp\libhal_bsp.a(altera_nios2_gen2_irq.o)
 .debug_frame   0x0000000000000170       0x20 e:/intelfpga_lite/19.1/nios2eds/bin/gnu/h-x86_64-mingw32/bin/../lib/gcc/nios2-elf/8.3.1/../../../../../H-x86_64-mingw32/nios2-elf/lib/mno-hw-mul\libsmallc.a(lib_a-strlen.o)

.debug_str      0x0000000000000000      0xb5e
 *(.debug_str)
 .debug_str     0x0000000000000000       0x42 E:/Quartus/software/clock_alarm_bsp/obj/HAL/src/crt0.o
 .debug_str     0x0000000000000042      0x4ae obj/default/hello_world_small.o
                                        0x536 (size before relaxing)
 .debug_str     0x00000000000004f0      0x125 E:/Quartus/software/clock_alarm_bsp\libhal_bsp.a(alt_load.o)
                                        0x60f (size before relaxing)
 .debug_str     0x0000000000000615      0x24d E:/Quartus/software/clock_alarm_bsp\libhal_bsp.a(alt_main.o)
                                        0x7ca (size before relaxing)
 .debug_str     0x0000000000000862       0x5f E:/Quartus/software/clock_alarm_bsp\libhal_bsp.a(alt_putstr.o)
                                        0x554 (size before relaxing)
 .debug_str     0x00000000000008c1       0x90 E:/Quartus/software/clock_alarm_bsp\libhal_bsp.a(alt_sys_init.o)
                                        0x601 (size before relaxing)
 .debug_str     0x0000000000000951       0x2c E:/Quartus/software/clock_alarm_bsp\libhal_bsp.a(altera_avalon_jtag_uart_write.o)
                                        0x613 (size before relaxing)
 .debug_str     0x000000000000097d       0x1f E:/Quartus/software/clock_alarm_bsp\libhal_bsp.a(alt_dcache_flush_all.o)
                                        0x528 (size before relaxing)
 .debug_str     0x000000000000099c       0x1f E:/Quartus/software/clock_alarm_bsp\libhal_bsp.a(alt_icache_flush_all.o)
                                        0x528 (size before relaxing)
 .debug_str     0x00000000000009bb       0x20 E:/Quartus/software/clock_alarm_bsp\libhal_bsp.a(altera_nios2_gen2_irq.o)
                                        0x53c (size before relaxing)
 .debug_str     0x00000000000009db      0x183 e:/intelfpga_lite/19.1/nios2eds/bin/gnu/h-x86_64-mingw32/bin/../lib/gcc/nios2-elf/8.3.1/../../../../../H-x86_64-mingw32/nios2-elf/lib/mno-hw-mul\libsmallc.a(lib_a-strlen.o)
                                        0x4d0 (size before relaxing)

.debug_loc      0x0000000000000000      0x1a1
 *(.debug_loc)
 .debug_loc     0x0000000000000000       0x66 E:/Quartus/software/clock_alarm_bsp\libhal_bsp.a(alt_load.o)
 .debug_loc     0x0000000000000066       0x3f E:/Quartus/software/clock_alarm_bsp\libhal_bsp.a(alt_putstr.o)
 .debug_loc     0x00000000000000a5       0x25 E:/Quartus/software/clock_alarm_bsp\libhal_bsp.a(alt_sys_init.o)
 .debug_loc     0x00000000000000ca       0x93 E:/Quartus/software/clock_alarm_bsp\libhal_bsp.a(altera_avalon_jtag_uart_write.o)
 .debug_loc     0x000000000000015d       0x44 e:/intelfpga_lite/19.1/nios2eds/bin/gnu/h-x86_64-mingw32/bin/../lib/gcc/nios2-elf/8.3.1/../../../../../H-x86_64-mingw32/nios2-elf/lib/mno-hw-mul\libsmallc.a(lib_a-strlen.o)

.debug_macinfo
 *(.debug_macinfo)

.debug_weaknames
 *(.debug_weaknames)

.debug_funcnames
 *(.debug_funcnames)

.debug_typenames
 *(.debug_typenames)

.debug_varnames
 *(.debug_varnames)

.debug_alt_sim_info
                0x0000000000000000       0x10
 *(.debug_alt_sim_info)
 .debug_alt_sim_info
                0x0000000000000000       0x10 E:/Quartus/software/clock_alarm_bsp/obj/HAL/src/crt0.o
                0x0000000000001000                __alt_data_end = 0x1000
                0x0000000000001000                PROVIDE (__alt_stack_pointer = __alt_data_end)
                [!provide]                        PROVIDE (__alt_stack_limit = __alt_stack_base)
                [!provide]                        PROVIDE (__alt_heap_start = end)
                [!provide]                        PROVIDE (__alt_heap_limit = 0x1000)
OUTPUT(clock_alarm.elf elf32-littlenios2)

.debug_ranges   0x0000000000000000       0xe0
 .debug_ranges  0x0000000000000000       0x20 E:/Quartus/software/clock_alarm_bsp/obj/HAL/src/crt0.o
 .debug_ranges  0x0000000000000020       0x10 obj/default/hello_world_small.o
 .debug_ranges  0x0000000000000030       0xa0 E:/Quartus/software/clock_alarm_bsp\libhal_bsp.a(alt_load.o)
 .debug_ranges  0x00000000000000d0       0x10 e:/intelfpga_lite/19.1/nios2eds/bin/gnu/h-x86_64-mingw32/bin/../lib/gcc/nios2-elf/8.3.1/../../../../../H-x86_64-mingw32/nios2-elf/lib/mno-hw-mul\libsmallc.a(lib_a-strlen.o)
